Archive member included to satisfy reference by file (symbol)

C:/ST/STM32CubeIDE_1.18.1/STM32CubeIDE/plugins/com.st.stm32cube.ide.mcu.externaltools.gnu-tools-for-stm32.13.3.rel1.win32_1.0.0.202411081344/tools/bin/../lib/gcc/arm-none-eabi/13.3.1/../../../../arm-none-eabi/lib/thumb/v6-m/nofp\libc_nano.a(libc_a-assert.o)
                              ./Core/Src/LCD_Driver.o (__assert_func)
C:/ST/STM32CubeIDE_1.18.1/STM32CubeIDE/plugins/com.st.stm32cube.ide.mcu.externaltools.gnu-tools-for-stm32.13.3.rel1.win32_1.0.0.202411081344/tools/bin/../lib/gcc/arm-none-eabi/13.3.1/../../../../arm-none-eabi/lib/thumb/v6-m/nofp\libc_nano.a(libc_a-exit.o)
                              C:/ST/STM32CubeIDE_1.18.1/STM32CubeIDE/plugins/com.st.stm32cube.ide.mcu.externaltools.gnu-tools-for-stm32.13.3.rel1.win32_1.0.0.202411081344/tools/bin/../lib/gcc/arm-none-eabi/13.3.1/../../../../arm-none-eabi/lib/thumb/v6-m/nofp/crt0.o (exit)
C:/ST/STM32CubeIDE_1.18.1/STM32CubeIDE/plugins/com.st.stm32cube.ide.mcu.externaltools.gnu-tools-for-stm32.13.3.rel1.win32_1.0.0.202411081344/tools/bin/../lib/gcc/arm-none-eabi/13.3.1/../../../../arm-none-eabi/lib/thumb/v6-m/nofp\libc_nano.a(libc_a-findfp.o)
                              C:/ST/STM32CubeIDE_1.18.1/STM32CubeIDE/plugins/com.st.stm32cube.ide.mcu.externaltools.gnu-tools-for-stm32.13.3.rel1.win32_1.0.0.202411081344/tools/bin/../lib/gcc/arm-none-eabi/13.3.1/../../../../arm-none-eabi/lib/thumb/v6-m/nofp\libc_nano.a(libc_a-exit.o) (__stdio_exit_handler)
C:/ST/STM32CubeIDE_1.18.1/STM32CubeIDE/plugins/com.st.stm32cube.ide.mcu.externaltools.gnu-tools-for-stm32.13.3.rel1.win32_1.0.0.202411081344/tools/bin/../lib/gcc/arm-none-eabi/13.3.1/../../../../arm-none-eabi/lib/thumb/v6-m/nofp\libc_nano.a(libc_a-fprintf.o)
                              C:/ST/STM32CubeIDE_1.18.1/STM32CubeIDE/plugins/com.st.stm32cube.ide.mcu.externaltools.gnu-tools-for-stm32.13.3.rel1.win32_1.0.0.202411081344/tools/bin/../lib/gcc/arm-none-eabi/13.3.1/../../../../arm-none-eabi/lib/thumb/v6-m/nofp\libc_nano.a(libc_a-assert.o) (fiprintf)
C:/ST/STM32CubeIDE_1.18.1/STM32CubeIDE/plugins/com.st.stm32cube.ide.mcu.externaltools.gnu-tools-for-stm32.13.3.rel1.win32_1.0.0.202411081344/tools/bin/../lib/gcc/arm-none-eabi/13.3.1/../../../../arm-none-eabi/lib/thumb/v6-m/nofp\libc_nano.a(libc_a-fwalk.o)
                              C:/ST/STM32CubeIDE_1.18.1/STM32CubeIDE/plugins/com.st.stm32cube.ide.mcu.externaltools.gnu-tools-for-stm32.13.3.rel1.win32_1.0.0.202411081344/tools/bin/../lib/gcc/arm-none-eabi/13.3.1/../../../../arm-none-eabi/lib/thumb/v6-m/nofp\libc_nano.a(libc_a-findfp.o) (_fwalk_sglue)
C:/ST/STM32CubeIDE_1.18.1/STM32CubeIDE/plugins/com.st.stm32cube.ide.mcu.externaltools.gnu-tools-for-stm32.13.3.rel1.win32_1.0.0.202411081344/tools/bin/../lib/gcc/arm-none-eabi/13.3.1/../../../../arm-none-eabi/lib/thumb/v6-m/nofp\libc_nano.a(libc_a-stdio.o)
                              C:/ST/STM32CubeIDE_1.18.1/STM32CubeIDE/plugins/com.st.stm32cube.ide.mcu.externaltools.gnu-tools-for-stm32.13.3.rel1.win32_1.0.0.202411081344/tools/bin/../lib/gcc/arm-none-eabi/13.3.1/../../../../arm-none-eabi/lib/thumb/v6-m/nofp\libc_nano.a(libc_a-findfp.o) (__sread)
C:/ST/STM32CubeIDE_1.18.1/STM32CubeIDE/plugins/com.st.stm32cube.ide.mcu.externaltools.gnu-tools-for-stm32.13.3.rel1.win32_1.0.0.202411081344/tools/bin/../lib/gcc/arm-none-eabi/13.3.1/../../../../arm-none-eabi/lib/thumb/v6-m/nofp\libc_nano.a(libc_a-memset.o)
                              C:/ST/STM32CubeIDE_1.18.1/STM32CubeIDE/plugins/com.st.stm32cube.ide.mcu.externaltools.gnu-tools-for-stm32.13.3.rel1.win32_1.0.0.202411081344/tools/bin/../lib/gcc/arm-none-eabi/13.3.1/../../../../arm-none-eabi/lib/thumb/v6-m/nofp/crt0.o (memset)
C:/ST/STM32CubeIDE_1.18.1/STM32CubeIDE/plugins/com.st.stm32cube.ide.mcu.externaltools.gnu-tools-for-stm32.13.3.rel1.win32_1.0.0.202411081344/tools/bin/../lib/gcc/arm-none-eabi/13.3.1/../../../../arm-none-eabi/lib/thumb/v6-m/nofp\libc_nano.a(libc_a-closer.o)
                              C:/ST/STM32CubeIDE_1.18.1/STM32CubeIDE/plugins/com.st.stm32cube.ide.mcu.externaltools.gnu-tools-for-stm32.13.3.rel1.win32_1.0.0.202411081344/tools/bin/../lib/gcc/arm-none-eabi/13.3.1/../../../../arm-none-eabi/lib/thumb/v6-m/nofp\libc_nano.a(libc_a-stdio.o) (_close_r)
C:/ST/STM32CubeIDE_1.18.1/STM32CubeIDE/plugins/com.st.stm32cube.ide.mcu.externaltools.gnu-tools-for-stm32.13.3.rel1.win32_1.0.0.202411081344/tools/bin/../lib/gcc/arm-none-eabi/13.3.1/../../../../arm-none-eabi/lib/thumb/v6-m/nofp\libc_nano.a(libc_a-reent.o)
                              C:/ST/STM32CubeIDE_1.18.1/STM32CubeIDE/plugins/com.st.stm32cube.ide.mcu.externaltools.gnu-tools-for-stm32.13.3.rel1.win32_1.0.0.202411081344/tools/bin/../lib/gcc/arm-none-eabi/13.3.1/../../../../arm-none-eabi/lib/thumb/v6-m/nofp\libc_nano.a(libc_a-closer.o) (errno)
[...]
Memory Configuration

Name             Origin             Length             Attributes
RAM              0x20000000         0x00008000         xrw
FLASH            0x08000000         0x00040000         xr
*default*        0x00000000         0xffffffff

Linker script and memory map

LOAD C:/ST/STM32CubeIDE_1.18.1/STM32CubeIDE/plugins/com.st.stm32cube.ide.mcu.externaltools.gnu-tools-for-stm32.13.3.rel1.win32_1.0.0.202411081344/tools/bin/../lib/gcc/arm-none-eabi/13.3.1/thumb/v6-m/nofp/crti.o
LOAD C:/ST/STM32CubeIDE_1.18.1/STM32CubeIDE/plugins/com.st.stm32cube.ide.mcu.externaltools.gnu-tools-for-stm32.13.3.rel1.win32_1.0.0.202411081344/tools/bin/../lib/gcc/arm-none-eabi/13.3.1/thumb/v6-m/nofp/crtbegin.o
LOAD C:/ST/STM32CubeIDE_1.18.1/STM32CubeIDE/plugins/com.st.stm32cube.ide.mcu.externaltools.gnu-tools-for-stm32.13.3.rel1.win32_1.0.0.202411081344/tools/bin/../lib/gcc/arm-none-eabi/13.3.1/../../../../arm-none-eabi/lib/thumb/v6-m/nofp/crt0.o
LOAD ./Core/Src/LCD_Driver.o
LOAD ./Core/Src/crc.o
LOAD ./Core/Src/dma.o
LOAD ./Core/Src/game.o
LOAD ./Core/Src/gpio.o
LOAD ./Core/Src/graphics.o
LOAD ./Core/Src/main.o
LOAD ./Core/Src/spi.o
LOAD ./Core/Src/sprites.o
LOAD ./Core/Src/stm32f0xx_hal_msp.o
LOAD ./Core/Src/stm32f0xx_it.o
LOAD ./Core/Src/syscalls.o
LOAD ./Core/Src/sysmem.o
LOAD ./Core/Src/system_stm32f0xx.o
LOAD ./Core/Src/tim.o
LOAD ./Core/Startup/startup_stm32f091rctx.o
LOAD ./Drivers/STM32F0xx_HAL_Driver/Src/stm32f0xx_hal.o
LOAD ./Drivers/STM32F0xx_HAL_Driver/Src/stm32f0xx_hal_cortex.o
LOAD ./Drivers/STM32F0xx_HAL_Driver/Src/stm32f0xx_hal_crc.o
LOAD ./Drivers/STM32F0xx_HAL_Driver/Src/stm32f0xx_hal_crc_ex.o
LOAD ./Drivers/STM32F0xx_HAL_Driver/Src/stm32f0xx_hal_dma.o
LOAD ./Drivers/STM32F0xx_HAL_Driver/Src/stm32f0xx_hal_exti.o
LOAD ./Drivers/STM32F0xx_HAL_Driver/Src/stm32f0xx_hal_flash.o
LOAD ./Drivers/STM32F0xx_HAL_Driver/Src/stm32f0xx_hal_flash_ex.o
LOAD ./Drivers/STM32F0xx_HAL_Driver/Src/stm32f0xx_hal_gpio.o
LOAD ./Drivers/STM32F0xx_HAL_Driver/Src/stm32f0xx_hal_i2c.o
LOAD ./Drivers/STM32F0xx_HAL_Driver/Src/stm32f0xx_hal_i2c_ex.o
LOAD ./Drivers/STM32F0xx_HAL_Driver/Src/stm32f0xx_hal_pwr.o
LOAD ./Drivers/STM32F0xx_HAL_Driver/Src/stm32f0xx_hal_pwr_ex.o
LOAD ./Drivers/STM32F0xx_HAL_Driver/Src/stm32f0xx_hal_rcc.o
LOAD ./Drivers/STM32F0xx_HAL_Driver/Src/stm32f0xx_hal_rcc_ex.o
LOAD ./Drivers/STM32F0xx_HAL_Driver/Src/stm32f0xx_hal_spi.o
LOAD ./Drivers/STM32F0xx_HAL_Driver/Src/stm32f0xx_hal_spi_ex.o
LOAD ./Drivers/STM32F0xx_HAL_Driver/Src/stm32f0xx_hal_tim.o
LOAD ./Drivers/STM32F0xx_HAL_Driver/Src/stm32f0xx_hal_tim_ex.o
START GROUP
LOAD C:/ST/STM32CubeIDE_1.18.1/STM32CubeIDE/plugins/com.st.stm32cube.ide.mcu.externaltools.gnu-tools-for-stm32.13.3.rel1.win32_1.0.0.202411081344/tools/bin/../lib/gcc/arm-none-eabi/13.3.1/../../../../arm-none-eabi/lib/thumb/v6-m/nofp\libc_nano.a
LOAD C:/ST/STM32CubeIDE_1.18.1/STM32CubeIDE/plugins/com.st.stm32cube.ide.mcu.externaltools.gnu-tools-for-stm32.13.3.rel1.win32_1.0.0.202411081344/tools/bin/../lib/gcc/arm-none-eabi/13.3.1/../../../../arm-none-eabi/lib/thumb/v6-m/nofp\libm.a
END GROUP
START GROUP
LOAD C:/ST/STM32CubeIDE_1.18.1/STM32CubeIDE/plugins/com.st.stm32cube.ide.mcu.externaltools.gnu-tools-for-stm32.13.3.rel1.win32_1.0.0.202411081344/tools/bin/../lib/gcc/arm-none-eabi/13.3.1/thumb/v6-m/nofp\libgcc.a
LOAD C:/ST/STM32CubeIDE_1.18.1/STM32CubeIDE/plugins/com.st.stm32cube.ide.mcu.externaltools.gnu-tools-for-stm32.13.3.rel1.win32_1.0.0.202411081344/tools/bin/../lib/gcc/arm-none-eabi/13.3.1/../../../../arm-none-eabi/lib/thumb/v6-m/nofp\libc_nano.a
END GROUP
START GROUP
LOAD C:/ST/STM32CubeIDE_1.18.1/STM32CubeIDE/plugins/com.st.stm32cube.ide.mcu.externaltools.gnu-tools-for-stm32.13.3.rel1.win32_1.0.0.202411081344/tools/bin/../lib/gcc/arm-none-eabi/13.3.1/thumb/v6-m/nofp\libgcc.a
LOAD C:/ST/STM32CubeIDE_1.18.1/STM32CubeIDE/plugins/com.st.stm32cube.ide.mcu.externaltools.gnu-tools-for-stm32.13.3.rel1.win32_1.0.0.202411081344/tools/bin/../lib/gcc/arm-none-eabi/13.3.1/../../../../arm-none-eabi/lib/thumb/v6-m/nofp\libc_nano.a
LOAD C:/ST/STM32CubeIDE_1.18.1/STM32CubeIDE/plugins/com.st.stm32cube.ide.mcu.externaltools.gnu-tools-for-stm32.13.3.rel1.win32_1.0.0.202411081344/tools/bin/../lib/gcc/arm-none-eabi/13.3.1/../../../../arm-none-eabi/lib/thumb/v6-m/nofp\libnosys.a
END GROUP
START GROUP
LOAD C:/ST/STM32CubeIDE_1.18.1/STM32CubeIDE/plugins/com.st.stm32cube.ide.mcu.externaltools.gnu-tools-for-stm32.13.3.rel1.win32_1.0.0.202411081344/tools/bin/../lib/gcc/arm-none-eabi/13.3.1/thumb/v6-m/nofp\libgcc.a
LOAD C:/ST/STM32CubeIDE_1.18.1/STM32CubeIDE/plugins/com.st.stm32cube.ide.mcu.externaltools.gnu-tools-for-stm32.13.3.rel1.win32_1.0.0.202411081344/tools/bin/../lib/gcc/arm-none-eabi/13.3.1/../../../../arm-none-eabi/lib/thumb/v6-m/nofp\libc_nano.a
LOAD C:/ST/STM32CubeIDE_1.18.1/STM32CubeIDE/plugins/com.st.stm32cube.ide.mcu.externaltools.gnu-tools-for-stm32.13.3.rel1.win32_1.0.0.202411081344/tools/bin/../lib/gcc/arm-none-eabi/13.3.1/../../../../arm-none-eabi/lib/thumb/v6-m/nofp\libnosys.a
END GROUP
LOAD C:/ST/STM32CubeIDE_1.18.1/STM32CubeIDE/plugins/com.st.stm32cube.ide.mcu.externaltools.gnu-tools-for-stm32.13.3.rel1.win32_1.0.0.202411081344/tools/bin/../lib/gcc/arm-none-eabi/13.3.1/thumb/v6-m/nofp/crtend.o
LOAD C:/ST/STM32CubeIDE_1.18.1/STM32CubeIDE/plugins/com.st.stm32cube.ide.mcu.externaltools.gnu-tools-for-stm32.13.3.rel1.win32_1.0.0.202411081344/tools/bin/../lib/gcc/arm-none-eabi/13.3.1/thumb/v6-m/nofp/crtn.o
                0x20008000                        _estack = (ORIGIN (RAM) + LENGTH (RAM))
                0x00000200                        _Min_Heap_Size = 0x200
                0x00000400                        _Min_Stack_Size = 0x400

.isr_vector     0x08000000       0xbc
                0x08000000                        . = ALIGN (0x4)
 *(.isr_vector)
 .isr_vector    0x08000000       0xbc ./Core/Startup/startup_stm32f091rctx.o
                0x08000000                g_pfnVectors
                0x080000bc                        . = ALIGN (0x4)

.text           0x080000bc     0x4c8c
                0x080000bc                        . = ALIGN (0x4)
 *(.text)
 .text          0x080000bc       0x48 C:/ST/STM32CubeIDE_1.18.1/STM32CubeIDE/plugins/com.st.stm32cube.ide.mcu.externaltools.gnu-tools-for-stm32.13.3.rel1.win32_1.0.0.202411081344/tools/bin/../lib/gcc/arm-none-eabi/13.3.1/thumb/v6-m/nofp/crtbegin.o
 .text          0x08000104       0x14 C:/ST/STM32CubeIDE_1.18.1/STM32CubeIDE/plugins/com.st.stm32cube.ide.mcu.externaltools.gnu-tools-for-stm32.13.3.rel1.win32_1.0.0.202411081344/tools/bin/../lib/gcc/arm-none-eabi/13.3.1/thumb/v6-m/nofp\libgcc.a(_thumb1_case_shi.o)
                0x08000104                __gnu_thumb1_case_shi
 .text          0x08000118      0x114 C:/ST/STM32CubeIDE_1.18.1/STM32CubeIDE/plugins/com.st.stm32cube.ide.mcu.externaltools.gnu-tools-for-stm32.13.3.rel1.win32_1.0.0.202411081344/tools/bin/../lib/gcc/arm-none-eabi/13.3.1/thumb/v6-m/nofp\libgcc.a(_udivsi3.o)
                0x08000118                __aeabi_uidiv
                0x08000118                __udivsi3
                0x08000224                __aeabi_uidivmod
 .text          0x0800022c        0x4 C:/ST/STM32CubeIDE_1.18.1/STM32CubeIDE/plugins/com.st.stm32cube.ide.mcu.externaltools.gnu-tools-for-stm32.13.3.rel1.win32_1.0.0.202411081344/tools/bin/../lib/gcc/arm-none-eabi/13.3.1/thumb/v6-m/nofp\libgcc.a(_dvmd_tls.o)
                0x0800022c                __aeabi_idiv0
                0x0800022c                __aeabi_ldiv0
 *(.text*)
 .text.HAL_SPI_TxCpltCallback
                0x08000230       0x2c ./Core/Src/LCD_Driver.o
                0x08000230                HAL_SPI_TxCpltCallback
 .text.LCD_get_height
                0x0800025c       0x14 ./Core/Src/LCD_Driver.o
                0x0800025c                LCD_get_height
 .text.LCD_get_width
                0x08000270       0x14 ./Core/Src/LCD_Driver.o
                0x08000270                LCD_get_width
 .text.LCD_SPI_Init
                0x08000284       0x30 ./Core/Src/LCD_Driver.o
                0x08000284                LCD_SPI_Init
 .text.LCD_Write_Command
                0x080002b4       0x6c ./Core/Src/LCD_Driver.o
                0x080002b4                LCD_Write_Command
 .text.LCD_Write_Data
                0x08000320       0x6c ./Core/Src/LCD_Driver.o
                0x08000320                LCD_Write_Data
 .text.LCD_write_pixel_data
                0x0800038c       0x64 ./Core/Src/LCD_Driver.o
                0x0800038c                LCD_write_pixel_data
 .text.LCD_Hardware_Reset
                0x080003f0       0x4c ./Core/Src/LCD_Driver.o
                0x080003f0                LCD_Hardware_Reset
 .text.LCD_rotation
                0x0800043c       0x94 ./Core/Src/LCD_Driver.o
                0x0800043c                LCD_rotation
 .text.LCD_Init
                0x080004d0      0x224 ./Core/Src/LCD_Driver.o
                0x080004d0                LCD_Init
 .text.LCD_set_address_block
                0x080006f4      0x138 ./Core/Src/LCD_Driver.o
                0x080006f4                LCD_set_address_block
 .text.MX_CRC_Init
                0x0800082c       0x48 ./Core/Src/crc.o
                0x0800082c                MX_CRC_Init
 .text.HAL_CRC_MspInit
                0x08000874       0x3c ./Core/Src/crc.o
                0x08000874                HAL_CRC_MspInit
 .text.MX_DMA_Init
                0x080008b0       0x3c ./Core/Src/dma.o
                0x080008b0                MX_DMA_Init
 .text.game_init
                0x080008ec       0x2c ./Core/Src/game.o
                0x080008ec                game_init
 .text.move     0x08000918       0x98 ./Core/Src/game.o
                0x08000918                move
 .text.shoot_laser
                0x080009b0        0xa ./Core/Src/game.o
                0x080009b0                shoot_laser
 *fill*         0x080009ba        0x2 
 .text.increase_score
                0x080009bc       0x1c ./Core/Src/game.o
                0x080009bc                increase_score
 .text.update_score_board
                0x080009d8       0x94 ./Core/Src/game.o
                0x080009d8                update_score_board
 .text.MX_GPIO_Init
                0x08000a6c      0x18c ./Core/Src/gpio.o
                0x08000a6c                MX_GPIO_Init
 .text.draw_rectangle
                0x08000bf8       0xe8 ./Core/Src/graphics.o
                0x08000bf8                draw_rectangle
 .text.draw_custom_block
                0x08000ce0       0x78 ./Core/Src/graphics.o
                0x08000ce0                draw_custom_block
 .text.fillscreen
                0x08000d58       0x5e ./Core/Src/graphics.o
                0x08000d58                fillscreen
 *fill*         0x08000db6        0x2 
 .text.main     0x08000db8       0xbc ./Core/Src/main.o
                0x08000db8                main
 .text.SystemClock_Config
                0x08000e74       0x80 ./Core/Src/main.o
                0x08000e74                SystemClock_Config
 .text.HAL_GPIO_EXTI_Callback
                0x08000ef4      0x10c ./Core/Src/main.o
                0x08000ef4                HAL_GPIO_EXTI_Callback
 .text.Error_Handler
                0x08001000        0xc ./Core/Src/main.o
                0x08001000                Error_Handler
 .text.MX_SPI2_Init
                0x0800100c       0x7c ./Core/Src/spi.o
                0x0800100c                MX_SPI2_Init
 .text.HAL_SPI_MspInit
                0x08001088      0x11c ./Core/Src/spi.o
                0x08001088                HAL_SPI_MspInit
 .text.HAL_MspInit
                0x080011a4       0x48 ./Core/Src/stm32f0xx_hal_msp.o
                0x080011a4                HAL_MspInit
 .text.NMI_Handler
                0x080011ec        0x8 ./Core/Src/stm32f0xx_it.o
                0x080011ec                NMI_Handler
 .text.HardFault_Handler
                0x080011f4        0x8 ./Core/Src/stm32f0xx_it.o
                0x080011f4                HardFault_Handler
 .text.SVC_Handler
                0x080011fc        0xa ./Core/Src/stm32f0xx_it.o
                0x080011fc                SVC_Handler
 .text.PendSV_Handler
                0x08001206        0xa ./Core/Src/stm32f0xx_it.o
                0x08001206                PendSV_Handler
 .text.SysTick_Handler
                0x08001210        0xe ./Core/Src/stm32f0xx_it.o
                0x08001210                SysTick_Handler
 .text.EXTI2_3_IRQHandler
                0x0800121e       0x10 ./Core/Src/stm32f0xx_it.o
                0x0800121e                EXTI2_3_IRQHandler
 .text.EXTI4_15_IRQHandler
                0x0800122e       0x1e ./Core/Src/stm32f0xx_it.o
                0x0800122e                EXTI4_15_IRQHandler
 .text.DMA1_Ch4_7_DMA2_Ch3_5_IRQHandler
                0x0800124c       0x18 ./Core/Src/stm32f0xx_it.o
                0x0800124c                DMA1_Ch4_7_DMA2_Ch3_5_IRQHandler
 .text._getpid  0x08001264        0xc ./Core/Src/syscalls.o
                0x08001264                _getpid
 .text._kill    0x08001270       0x20 ./Core/Src/syscalls.o
                0x08001270                _kill
 .text._exit    0x08001290       0x1a ./Core/Src/syscalls.o
                0x08001290                _exit
 .text._read    0x080012aa       0x3a ./Core/Src/syscalls.o
                0x080012aa                _read
 .text._write   0x080012e4       0x38 ./Core/Src/syscalls.o
                0x080012e4                _write
 .text._close   0x0800131c       0x14 ./Core/Src/syscalls.o
                0x0800131c                _close
 .text._fstat   0x08001330       0x1c ./Core/Src/syscalls.o
                0x08001330                _fstat
 .text._isatty  0x0800134c       0x12 ./Core/Src/syscalls.o
                0x0800134c                _isatty
 .text._lseek   0x0800135e       0x16 ./Core/Src/syscalls.o
                0x0800135e                _lseek
 .text._sbrk    0x08001374       0x6c ./Core/Src/sysmem.o
                0x08001374                _sbrk
 .text.SystemInit
                0x080013e0        0xa ./Core/Src/system_stm32f0xx.o
                0x080013e0                SystemInit
 *fill*         0x080013ea        0x2 
 .text.MX_TIM15_Init
                0x080013ec      0x130 ./Core/Src/tim.o
                0x080013ec                MX_TIM15_Init
 .text.HAL_TIM_PWM_MspInit
                0x0800151c       0x40 ./Core/Src/tim.o
                0x0800151c                HAL_TIM_PWM_MspInit
 .text.HAL_TIM_MspPostInit
                0x0800155c       0x80 ./Core/Src/tim.o
                0x0800155c                HAL_TIM_MspPostInit
 .text.Reset_Handler
                0x080015dc       0x50 ./Core/Startup/startup_stm32f091rctx.o
                0x080015dc                Reset_Handler
 .text.Default_Handler
                0x0800162c        0x2 ./Core/Startup/startup_stm32f091rctx.o
                0x0800162c                TIM1_CC_IRQHandler
                0x0800162c                TSC_IRQHandler
                0x0800162c                ADC1_COMP_IRQHandler
                0x0800162c                I2C1_IRQHandler
                0x0800162c                RCC_CRS_IRQHandler
                0x0800162c                SPI1_IRQHandler
                0x0800162c                TIM6_DAC_IRQHandler
                0x0800162c                DMA1_Ch1_IRQHandler
                0x0800162c                I2C2_IRQHandler
                0x0800162c                TIM17_IRQHandler
                0x0800162c                CEC_CAN_IRQHandler
                0x0800162c                RTC_IRQHandler
                0x0800162c                PVD_VDDIO2_IRQHandler
                0x0800162c                TIM16_IRQHandler
                0x0800162c                TIM3_IRQHandler
                0x0800162c                USART3_8_IRQHandler
                0x0800162c                Default_Handler
                0x0800162c                TIM14_IRQHandler
                0x0800162c                TIM7_IRQHandler
                0x0800162c                TIM15_IRQHandler
                0x0800162c                EXTI0_1_IRQHandler
                0x0800162c                SPI2_IRQHandler
                0x0800162c                DMA1_Ch2_3_DMA2_Ch1_2_IRQHandler
                0x0800162c                WWDG_IRQHandler
                0x0800162c                TIM2_IRQHandler
                0x0800162c                USART2_IRQHandler
                0x0800162c                FLASH_IRQHandler
                0x0800162c                USART1_IRQHandler
                0x0800162c                TIM1_BRK_UP_TRG_COM_IRQHandler
 *fill*         0x0800162e        0x2 
 .text.HAL_Init
                0x08001630       0x28 ./Drivers/STM32F0xx_HAL_Driver/Src/stm32f0xx_hal.o
                0x08001630                HAL_Init
 .text.HAL_InitTick
                0x08001658       0x68 ./Drivers/STM32F0xx_HAL_Driver/Src/stm32f0xx_hal.o
                0x08001658                HAL_InitTick
 .text.HAL_IncTick
                0x080016c0       0x24 ./Drivers/STM32F0xx_HAL_Driver/Src/stm32f0xx_hal.o
                0x080016c0                HAL_IncTick
 .text.HAL_GetTick
                0x080016e4       0x14 ./Drivers/STM32F0xx_HAL_Driver/Src/stm32f0xx_hal.o
                0x080016e4                HAL_GetTick
 .text.HAL_Delay
                0x080016f8       0x48 ./Drivers/STM32F0xx_HAL_Driver/Src/stm32f0xx_hal.o
                0x080016f8                HAL_Delay
 .text.__NVIC_EnableIRQ
                0x08001740       0x34 ./Drivers/STM32F0xx_HAL_Driver/Src/stm32f0xx_hal_cortex.o
 .text.__NVIC_SetPriority
                0x08001774       0xdc ./Drivers/STM32F0xx_HAL_Driver/Src/stm32f0xx_hal_cortex.o
 .text.SysTick_Config
                0x08001850       0x48 ./Drivers/STM32F0xx_HAL_Driver/Src/stm32f0xx_hal_cortex.o
 .text.HAL_NVIC_SetPriority
                0x08001898       0x2a ./Drivers/STM32F0xx_HAL_Driver/Src/stm32f0xx_hal_cortex.o
                0x08001898                HAL_NVIC_SetPriority
 .text.HAL_NVIC_EnableIRQ
                0x080018c2       0x20 ./Drivers/STM32F0xx_HAL_Driver/Src/stm32f0xx_hal_cortex.o
                0x080018c2                HAL_NVIC_EnableIRQ
 .text.HAL_SYSTICK_Config
                0x080018e2       0x1a ./Drivers/STM32F0xx_HAL_Driver/Src/stm32f0xx_hal_cortex.o
                0x080018e2                HAL_SYSTICK_Config
 .text.HAL_CRC_Init
                0x080018fc       0xcc ./Drivers/STM32F0xx_HAL_Driver/Src/stm32f0xx_hal_crc.o
                0x080018fc                HAL_CRC_Init
 .text.HAL_CRCEx_Polynomial_Set
                0x080019c8       0xea ./Drivers/STM32F0xx_HAL_Driver/Src/stm32f0xx_hal_crc_ex.o
                0x080019c8                HAL_CRCEx_Polynomial_Set
 *fill*         0x08001ab2        0x2 
 .text.HAL_DMA_Init
                0x08001ab4       0x90 ./Drivers/STM32F0xx_HAL_Driver/Src/stm32f0xx_hal_dma.o
                0x08001ab4                HAL_DMA_Init
 .text.HAL_DMA_Start_IT
                0x08001b44       0xcc ./Drivers/STM32F0xx_HAL_Driver/Src/stm32f0xx_hal_dma.o
                0x08001b44                HAL_DMA_Start_IT
 .text.HAL_DMA_IRQHandler
                0x08001c10      0x144 ./Drivers/STM32F0xx_HAL_Driver/Src/stm32f0xx_hal_dma.o
                0x08001c10                HAL_DMA_IRQHandler
 .text.DMA_SetConfig
                0x08001d54       0x58 ./Drivers/STM32F0xx_HAL_Driver/Src/stm32f0xx_hal_dma.o
 .text.DMA_CalcBaseAndBitshift
                0x08001dac       0x74 ./Drivers/STM32F0xx_HAL_Driver/Src/stm32f0xx_hal_dma.o
 .text.HAL_GPIO_Init
                0x08001e20      0x2f0 ./Drivers/STM32F0xx_HAL_Driver/Src/stm32f0xx_hal_gpio.o
                0x08001e20                HAL_GPIO_Init
 .text.HAL_GPIO_ReadPin
                0x08002110       0x3a ./Drivers/STM32F0xx_HAL_Driver/Src/stm32f0xx_hal_gpio.o
                0x08002110                HAL_GPIO_ReadPin
 .text.HAL_GPIO_WritePin
                0x0800214a       0x3a ./Drivers/STM32F0xx_HAL_Driver/Src/stm32f0xx_hal_gpio.o
                0x0800214a                HAL_GPIO_WritePin
 .text.HAL_GPIO_TogglePin
                0x08002184       0x36 ./Drivers/STM32F0xx_HAL_Driver/Src/stm32f0xx_hal_gpio.o
                0x08002184                HAL_GPIO_TogglePin
 *fill*         0x080021ba        0x2 
 .text.HAL_GPIO_EXTI_IRQHandler
                0x080021bc       0x38 ./Drivers/STM32F0xx_HAL_Driver/Src/stm32f0xx_hal_gpio.o
                0x080021bc                HAL_GPIO_EXTI_IRQHandler
 .text.HAL_RCC_OscConfig
                0x080021f4      0x70c ./Drivers/STM32F0xx_HAL_Driver/Src/stm32f0xx_hal_rcc.o
                0x080021f4                HAL_RCC_OscConfig
 .text.HAL_RCC_ClockConfig
                0x08002900      0x1b4 ./Drivers/STM32F0xx_HAL_Driver/Src/stm32f0xx_hal_rcc.o
                0x08002900                HAL_RCC_ClockConfig
 .text.HAL_RCC_GetSysClockFreq
                0x08002ab4       0xe4 ./Drivers/STM32F0xx_HAL_Driver/Src/stm32f0xx_hal_rcc.o
                0x08002ab4                HAL_RCC_GetSysClockFreq
 .text.HAL_SPI_Init
                0x08002b98      0x170 ./Drivers/STM32F0xx_HAL_Driver/Src/stm32f0xx_hal_spi.o
                0x08002b98                HAL_SPI_Init
 .text.HAL_SPI_Transmit_DMA
                0x08002d08      0x204 ./Drivers/STM32F0xx_HAL_Driver/Src/stm32f0xx_hal_spi.o
                0x08002d08                HAL_SPI_Transmit_DMA
 .text.HAL_SPI_TxHalfCpltCallback
                0x08002f0c       0x10 ./Drivers/STM32F0xx_HAL_Driver/Src/stm32f0xx_hal_spi.o
                0x08002f0c                HAL_SPI_TxHalfCpltCallback
 .text.HAL_SPI_ErrorCallback
                0x08002f1c       0x10 ./Drivers/STM32F0xx_HAL_Driver/Src/stm32f0xx_hal_spi.o
                0x08002f1c                HAL_SPI_ErrorCallback
 .text.SPI_DMATransmitCplt
                0x08002f2c       0xac ./Drivers/STM32F0xx_HAL_Driver/Src/stm32f0xx_hal_spi.o
 .text.SPI_DMAHalfTransmitCplt
                0x08002fd8       0x1e ./Drivers/STM32F0xx_HAL_Driver/Src/stm32f0xx_hal_spi.o
 .text.SPI_DMAError
                0x08002ff6       0x42 ./Drivers/STM32F0xx_HAL_Driver/Src/stm32f0xx_hal_spi.o
 .text.SPI_WaitFlagStateUntilTimeout
                0x08003038      0x11c ./Drivers/STM32F0xx_HAL_Driver/Src/stm32f0xx_hal_spi.o
 .text.SPI_WaitFifoStateUntilTimeout
                0x08003154      0x144 ./Drivers/STM32F0xx_HAL_Driver/Src/stm32f0xx_hal_spi.o
 .text.SPI_EndRxTxTransaction
                0x08003298       0x8c ./Drivers/STM32F0xx_HAL_Driver/Src/stm32f0xx_hal_spi.o
 .text.HAL_TIM_PWM_Init
                0x08003324       0xa0 ./Drivers/STM32F0xx_HAL_Driver/Src/stm32f0xx_hal_tim.o
                0x08003324                HAL_TIM_PWM_Init
 .text.HAL_TIM_PWM_Start
                0x080033c4      0x170 ./Drivers/STM32F0xx_HAL_Driver/Src/stm32f0xx_hal_tim.o
                0x080033c4                HAL_TIM_PWM_Start
 .text.HAL_TIM_PWM_ConfigChannel
                0x08003534      0x18c ./Drivers/STM32F0xx_HAL_Driver/Src/stm32f0xx_hal_tim.o
                0x08003534                HAL_TIM_PWM_ConfigChannel
 .text.TIM_Base_SetConfig
                0x080036c0      0x11c ./Drivers/STM32F0xx_HAL_Driver/Src/stm32f0xx_hal_tim.o
                0x080036c0                TIM_Base_SetConfig
 .text.TIM_OC1_SetConfig
                0x080037dc      0x110 ./Drivers/STM32F0xx_HAL_Driver/Src/stm32f0xx_hal_tim.o
 .text.TIM_OC2_SetConfig
                0x080038ec      0x108 ./Drivers/STM32F0xx_HAL_Driver/Src/stm32f0xx_hal_tim.o
                0x080038ec                TIM_OC2_SetConfig
 .text.TIM_OC3_SetConfig
                0x080039f4      0x10c ./Drivers/STM32F0xx_HAL_Driver/Src/stm32f0xx_hal_tim.o
 .text.TIM_OC4_SetConfig
                0x08003b00       0xd4 ./Drivers/STM32F0xx_HAL_Driver/Src/stm32f0xx_hal_tim.o
 .text.TIM_CCxChannelCmd
                0x08003bd4       0x46 ./Drivers/STM32F0xx_HAL_Driver/Src/stm32f0xx_hal_tim.o
                0x08003bd4                TIM_CCxChannelCmd
 *fill*         0x08003c1a        0x2 
 .text.HAL_TIMEx_MasterConfigSynchronization
                0x08003c1c       0xbc ./Drivers/STM32F0xx_HAL_Driver/Src/stm32f0xx_hal_tim_ex.o
                0x08003c1c                HAL_TIMEx_MasterConfigSynchronization
 .text.HAL_TIMEx_ConfigBreakDeadTime
                0x08003cd8       0xbc ./Drivers/STM32F0xx_HAL_Driver/Src/stm32f0xx_hal_tim_ex.o
                0x08003cd8                HAL_TIMEx_ConfigBreakDeadTime
 .text.__assert_func
                0x08003d94       0x3c C:/ST/STM32CubeIDE_1.18.1/STM32CubeIDE/plugins/com.st.stm32cube.ide.mcu.externaltools.gnu-tools-for-stm32.13.3.rel1.win32_1.0.0.202411081344/tools/bin/../lib/gcc/arm-none-eabi/13.3.1/../../../../arm-none-eabi/lib/thumb/v6-m/nofp\libc_nano.a(libc_a-assert.o)
                0x08003d94                __assert_func
 .text.std      0x08003dd0       0x6c C:/ST/STM32CubeIDE_1.18.1/STM32CubeIDE/plugins/com.st.stm32cube.ide.mcu.externaltools.gnu-tools-for-stm32.13.3.rel1.win32_1.0.0.202411081344/tools/bin/../lib/gcc/arm-none-eabi/13.3.1/../../../../arm-none-eabi/lib/thumb/v6-m/nofp\libc_nano.a(libc_a-findfp.o)
 .text.stdio_exit_handler
                0x08003e3c       0x1c C:/ST/STM32CubeIDE_1.18.1/STM32CubeIDE/plugins/com.st.stm32cube.ide.mcu.externaltools.gnu-tools-for-stm32.13.3.rel1.win32_1.0.0.202411081344/tools/bin/../lib/gcc/arm-none-eabi/13.3.1/../../../../arm-none-eabi/lib/thumb/v6-m/nofp\libc_nano.a(libc_a-findfp.o)
 .text.cleanup_stdio
                0x08003e58       0x3c C:/ST/STM32CubeIDE_1.18.1/STM32CubeIDE/plugins/com.st.stm32cube.ide.mcu.externaltools.gnu-tools-for-stm32.13.3.rel1.win32_1.0.0.202411081344/tools/bin/../lib/gcc/arm-none-eabi/13.3.1/../../../../arm-none-eabi/lib/thumb/v6-m/nofp\libc_nano.a(libc_a-findfp.o)
 .text.global_stdio_init.part.0
                0x08003e94       0x3c C:/ST/STM32CubeIDE_1.18.1/STM32CubeIDE/plugins/com.st.stm32cube.ide.mcu.externaltools.gnu-tools-for-stm32.13.3.rel1.win32_1.0.0.202411081344/tools/bin/../lib/gcc/arm-none-eabi/13.3.1/../../../../arm-none-eabi/lib/thumb/v6-m/nofp\libc_nano.a(libc_a-findfp.o)
 .text.__sfp_lock_acquire
                0x08003ed0       0x10 C:/ST/STM32CubeIDE_1.18.1/STM32CubeIDE/plugins/com.st.stm32cube.ide.mcu.externaltools.gnu-tools-for-stm32.13.3.rel1.win32_1.0.0.202411081344/tools/bin/../lib/gcc/arm-none-eabi/13.3.1/../../../../arm-none-eabi/lib/thumb/v6-m/nofp\libc_nano.a(libc_a-findfp.o)
                0x08003ed0                __sfp_lock_acquire
 .text.__sfp_lock_release
                0x08003ee0       0x10 C:/ST/STM32CubeIDE_1.18.1/STM32CubeIDE/plugins/com.st.stm32cube.ide.mcu.externaltools.gnu-tools-for-stm32.13.3.rel1.win32_1.0.0.202411081344/tools/bin/../lib/gcc/arm-none-eabi/13.3.1/../../../../arm-none-eabi/lib/thumb/v6-m/nofp\libc_nano.a(libc_a-findfp.o)
                0x08003ee0                __sfp_lock_release
 .text.__sinit  0x08003ef0       0x30 C:/ST/STM32CubeIDE_1.18.1/STM32CubeIDE/plugins/com.st.stm32cube.ide.mcu.externaltools.gnu-tools-for-stm32.13.3.rel1.win32_1.0.0.202411081344/tools/bin/../lib/gcc/arm-none-eabi/13.3.1/../../../../arm-none-eabi/lib/thumb/v6-m/nofp\libc_nano.a(libc_a-findfp.o)
                0x08003ef0                __sinit
 .text.fprintf  0x08003f20       0x20 C:/ST/STM32CubeIDE_1.18.1/STM32CubeIDE/plugins/com.st.stm32cube.ide.mcu.externaltools.gnu-tools-for-stm32.13.3.rel1.win32_1.0.0.202411081344/tools/bin/../lib/gcc/arm-none-eabi/13.3.1/../../../../arm-none-eabi/lib/thumb/v6-m/nofp\libc_nano.a(libc_a-fprintf.o)
                0x08003f20                fiprintf
                0x08003f20                fprintf
 .text._fwalk_sglue
                0x08003f40       0x38 C:/ST/STM32CubeIDE_1.18.1/STM32CubeIDE/plugins/com.st.stm32cube.ide.mcu.externaltools.gnu-tools-for-stm32.13.3.rel1.win32_1.0.0.202411081344/tools/bin/../lib/gcc/arm-none-eabi/13.3.1/../../../../arm-none-eabi/lib/thumb/v6-m/nofp\libc_nano.a(libc_a-fwalk.o)
                0x08003f40                _fwalk_sglue
 .text.__sread  0x08003f78       0x28 C:/ST/STM32CubeIDE_1.18.1/STM32CubeIDE/plugins/com.st.stm32cube.ide.mcu.externaltools.gnu-tools-for-stm32.13.3.rel1.win32_1.0.0.202411081344/tools/bin/../lib/gcc/arm-none-eabi/13.3.1/../../../../arm-none-eabi/lib/thumb/v6-m/nofp\libc_nano.a(libc_a-stdio.o)
                0x08003f78                __sread
 .text.__swrite
                0x08003fa0       0x38 C:/ST/STM32CubeIDE_1.18.1/STM32CubeIDE/plugins/com.st.stm32cube.ide.mcu.externaltools.gnu-tools-for-stm32.13.3.rel1.win32_1.0.0.202411081344/tools/bin/../lib/gcc/arm-none-eabi/13.3.1/../../../../arm-none-eabi/lib/thumb/v6-m/nofp\libc_nano.a(libc_a-stdio.o)
                0x08003fa0                __swrite
 .text.__sseek  0x08003fd8       0x2c C:/ST/STM32CubeIDE_1.18.1/STM32CubeIDE/plugins/com.st.stm32cube.ide.mcu.externaltools.gnu-tools-for-stm32.13.3.rel1.win32_1.0.0.202411081344/tools/bin/../lib/gcc/arm-none-eabi/13.3.1/../../../../arm-none-eabi/lib/thumb/v6-m/nofp\libc_nano.a(libc_a-stdio.o)
                0x08003fd8                __sseek
 .text.__sclose
                0x08004004        0xc C:/ST/STM32CubeIDE_1.18.1/STM32CubeIDE/plugins/com.st.stm32cube.ide.mcu.externaltools.gnu-tools-for-stm32.13.3.rel1.win32_1.0.0.202411081344/tools/bin/../lib/gcc/arm-none-eabi/13.3.1/../../../../arm-none-eabi/lib/thumb/v6-m/nofp\libc_nano.a(libc_a-stdio.o)
                0x08004004                __sclose
 .text.memset   0x08004010       0x10 C:/ST/STM32CubeIDE_1.18.1/STM32CubeIDE/plugins/com.st.stm32cube.ide.mcu.externaltools.gnu-tools-for-stm32.13.3.rel1.win32_1.0.0.202411081344/tools/bin/../lib/gcc/arm-none-eabi/13.3.1/../../../../arm-none-eabi/lib/thumb/v6-m/nofp\libc_nano.a(libc_a-memset.o)
                0x08004010                memset
 .text._close_r
                0x08004020       0x24 C:/ST/STM32CubeIDE_1.18.1/STM32CubeIDE/plugins/com.st.stm32cube.ide.mcu.externaltools.gnu-tools-for-stm32.13.3.rel1.win32_1.0.0.202411081344/tools/bin/../lib/gcc/arm-none-eabi/13.3.1/../../../../arm-none-eabi/lib/thumb/v6-m/nofp\libc_nano.a(libc_a-closer.o)
                0x08004020                _close_r
 .text._lseek_r
                0x08004044       0x28 C:/ST/STM32CubeIDE_1.18.1/STM32CubeIDE/plugins/com.st.stm32cube.ide.mcu.externaltools.gnu-tools-for-stm32.13.3.rel1.win32_1.0.0.202411081344/tools/bin/../lib/gcc/arm-none-eabi/13.3.1/../../../../arm-none-eabi/lib/thumb/v6-m/nofp\libc_nano.a(libc_a-lseekr.o)
                0x08004044                _lseek_r
 .text._read_r  0x0800406c       0x28 C:/ST/STM32CubeIDE_1.18.1/STM32CubeIDE/plugins/com.st.stm32cube.ide.mcu.externaltools.gnu-tools-for-stm32.13.3.rel1.win32_1.0.0.202411081344/tools/bin/../lib/gcc/arm-none-eabi/13.3.1/../../../../arm-none-eabi/lib/thumb/v6-m/nofp\libc_nano.a(libc_a-readr.o)
                0x0800406c                _read_r
 .text._write_r
                0x08004094       0x28 C:/ST/STM32CubeIDE_1.18.1/STM32CubeIDE/plugins/com.st.stm32cube.ide.mcu.externaltools.gnu-tools-for-stm32.13.3.rel1.win32_1.0.0.202411081344/tools/bin/../lib/gcc/arm-none-eabi/13.3.1/../../../../arm-none-eabi/lib/thumb/v6-m/nofp\libc_nano.a(libc_a-writer.o)
                0x08004094                _write_r
 .text.__errno  0x080040bc        0xc C:/ST/STM32CubeIDE_1.18.1/STM32CubeIDE/plugins/com.st.stm32cube.ide.mcu.externaltools.gnu-tools-for-stm32.13.3.rel1.win32_1.0.0.202411081344/tools/bin/../lib/gcc/arm-none-eabi/13.3.1/../../../../arm-none-eabi/lib/thumb/v6-m/nofp\libc_nano.a(libc_a-errno.o)
                0x080040bc                __errno
 .text.__libc_init_array
                0x080040c8       0x48 C:/ST/STM32CubeIDE_1.18.1/STM32CubeIDE/plugins/com.st.stm32cube.ide.mcu.externaltools.gnu-tools-for-stm32.13.3.rel1.win32_1.0.0.202411081344/tools/bin/../lib/gcc/arm-none-eabi/13.3.1/../../../../arm-none-eabi/lib/thumb/v6-m/nofp\libc_nano.a(libc_a-init.o)
                0x080040c8                __libc_init_array
 .text.__retarget_lock_init_recursive
                0x08004110        0x2 C:/ST/STM32CubeIDE_1.18.1/STM32CubeIDE/plugins/com.st.stm32cube.ide.mcu.externaltools.gnu-tools-for-stm32.13.3.rel1.win32_1.0.0.202411081344/tools/bin/../lib/gcc/arm-none-eabi/13.3.1/../../../../arm-none-eabi/lib/thumb/v6-m/nofp\libc_nano.a(libc_a-lock.o)
                0x08004110                __retarget_lock_init_recursive
 .text.__retarget_lock_acquire_recursive
                0x08004112        0x2 C:/ST/STM32CubeIDE_1.18.1/STM32CubeIDE/plugins/com.st.stm32cube.ide.mcu.externaltools.gnu-tools-for-stm32.13.3.rel1.win32_1.0.0.202411081344/tools/bin/../lib/gcc/arm-none-eabi/13.3.1/../../../../arm-none-eabi/lib/thumb/v6-m/nofp\libc_nano.a(libc_a-lock.o)
                0x08004112                __retarget_lock_acquire_recursive
 .text.__retarget_lock_release_recursive
                0x08004114        0x2 C:/ST/STM32CubeIDE_1.18.1/STM32CubeIDE/plugins/com.st.stm32cube.ide.mcu.externaltools.gnu-tools-for-stm32.13.3.rel1.win32_1.0.0.202411081344/tools/bin/../lib/gcc/arm-none-eabi/13.3.1/../../../../arm-none-eabi/lib/thumb/v6-m/nofp\libc_nano.a(libc_a-lock.o)
                0x08004114                __retarget_lock_release_recursive
 .text.abort    0x08004116        0xe C:/ST/STM32CubeIDE_1.18.1/STM32CubeIDE/plugins/com.st.stm32cube.ide.mcu.externaltools.gnu-tools-for-stm32.13.3.rel1.win32_1.0.0.202411081344/tools/bin/../lib/gcc/arm-none-eabi/13.3.1/../../../../arm-none-eabi/lib/thumb/v6-m/nofp\libc_nano.a(libc_a-abort.o)
                0x08004116                abort
 .text._free_r  0x08004124       0x94 C:/ST/STM32CubeIDE_1.18.1/STM32CubeIDE/plugins/com.st.stm32cube.ide.mcu.externaltools.gnu-tools-for-stm32.13.3.rel1.win32_1.0.0.202411081344/tools/bin/../lib/gcc/arm-none-eabi/13.3.1/../../../../arm-none-eabi/lib/thumb/v6-m/nofp\libc_nano.a(libc_a-freer.o)
                0x08004124                _free_r
 .text.sbrk_aligned
                0x080041b8       0x44 C:/ST/STM32CubeIDE_1.18.1/STM32CubeIDE/plugins/com.st.stm32cube.ide.mcu.externaltools.gnu-tools-for-stm32.13.3.rel1.win32_1.0.0.202411081344/tools/bin/../lib/gcc/arm-none-eabi/13.3.1/../../../../arm-none-eabi/lib/thumb/v6-m/nofp\libc_nano.a(libc_a-mallocr.o)
 .text._malloc_r
                0x080041fc      0x100 C:/ST/STM32CubeIDE_1.18.1/STM32CubeIDE/plugins/com.st.stm32cube.ide.mcu.externaltools.gnu-tools-for-stm32.13.3.rel1.win32_1.0.0.202411081344/tools/bin/../lib/gcc/arm-none-eabi/13.3.1/../../../../arm-none-eabi/lib/thumb/v6-m/nofp\libc_nano.a(libc_a-mallocr.o)
                0x080041fc                _malloc_r
 .text.__malloc_lock
                0x080042fc       0x10 C:/ST/STM32CubeIDE_1.18.1/STM32CubeIDE/plugins/com.st.stm32cube.ide.mcu.externaltools.gnu-tools-for-stm32.13.3.rel1.win32_1.0.0.202411081344/tools/bin/../lib/gcc/arm-none-eabi/13.3.1/../../../../arm-none-eabi/lib/thumb/v6-m/nofp\libc_nano.a(libc_a-mlock.o)
                0x080042fc                __malloc_lock
 .text.__malloc_unlock
                0x0800430c       0x10 C:/ST/STM32CubeIDE_1.18.1/STM32CubeIDE/plugins/com.st.stm32cube.ide.mcu.externaltools.gnu-tools-for-stm32.13.3.rel1.win32_1.0.0.202411081344/tools/bin/../lib/gcc/arm-none-eabi/13.3.1/../../../../arm-none-eabi/lib/thumb/v6-m/nofp\libc_nano.a(libc_a-mlock.o)
                0x0800430c                __malloc_unlock
 .text.__sfputc_r
                0x0800431c       0x2a C:/ST/STM32CubeIDE_1.18.1/STM32CubeIDE/plugins/com.st.stm32cube.ide.mcu.externaltools.gnu-tools-for-stm32.13.3.rel1.win32_1.0.0.202411081344/tools/bin/../lib/gcc/arm-none-eabi/13.3.1/../../../../arm-none-eabi/lib/thumb/v6-m/nofp\libc_nano.a(libc_a-nano-vfprintf.o)
 .text.__sfputs_r
                0x08004346       0x24 C:/ST/STM32CubeIDE_1.18.1/STM32CubeIDE/plugins/com.st.stm32cube.ide.mcu.externaltools.gnu-tools-for-stm32.13.3.rel1.win32_1.0.0.202411081344/tools/bin/../lib/gcc/arm-none-eabi/13.3.1/../../../../arm-none-eabi/lib/thumb/v6-m/nofp\libc_nano.a(libc_a-nano-vfprintf.o)
                0x08004346                __sfputs_r
 *fill*         0x0800436a        0x2 
 .text._vfprintf_r
                0x0800436c      0x238 C:/ST/STM32CubeIDE_1.18.1/STM32CubeIDE/plugins/com.st.stm32cube.ide.mcu.externaltools.gnu-tools-for-stm32.13.3.rel1.win32_1.0.0.202411081344/tools/bin/../lib/gcc/arm-none-eabi/13.3.1/../../../../arm-none-eabi/lib/thumb/v6-m/nofp\libc_nano.a(libc_a-nano-vfprintf.o)
                0x0800436c                _vfprintf_r
                0x0800436c                _vfiprintf_r
 .text._printf_common
                0x080045a4       0xde C:/ST/STM32CubeIDE_1.18.1/STM32CubeIDE/plugins/com.st.stm32cube.ide.mcu.externaltools.gnu-tools-for-stm32.13.3.rel1.win32_1.0.0.202411081344/tools/bin/../lib/gcc/arm-none-eabi/13.3.1/../../../../arm-none-eabi/lib/thumb/v6-m/nofp\libc_nano.a(libc_a-nano-vfprintf_i.o)
                0x080045a4                _printf_common
 *fill*         0x08004682        0x2 
 .text._printf_i
                0x08004684      0x218 C:/ST/STM32CubeIDE_1.18.1/STM32CubeIDE/plugins/com.st.stm32cube.ide.mcu.externaltools.gnu-tools-for-stm32.13.3.rel1.win32_1.0.0.202411081344/tools/bin/../lib/gcc/arm-none-eabi/13.3.1/../../../../arm-none-eabi/lib/thumb/v6-m/nofp\libc_nano.a(libc_a-nano-vfprintf_i.o)
                0x08004684                _printf_i
 .text.__sflush_r
                0x0800489c      0x10c C:/ST/STM32CubeIDE_1.18.1/STM32CubeIDE/plugins/com.st.stm32cube.ide.mcu.externaltools.gnu-tools-for-stm32.13.3.rel1.win32_1.0.0.202411081344/tools/bin/../lib/gcc/arm-none-eabi/13.3.1/../../../../arm-none-eabi/lib/thumb/v6-m/nofp\libc_nano.a(libc_a-fflush.o)
                0x0800489c                __sflush_r
 .text._fflush_r
                0x080049a8       0x56 C:/ST/STM32CubeIDE_1.18.1/STM32CubeIDE/plugins/com.st.stm32cube.ide.mcu.externaltools.gnu-tools-for-stm32.13.3.rel1.win32_1.0.0.202411081344/tools/bin/../lib/gcc/arm-none-eabi/13.3.1/../../../../arm-none-eabi/lib/thumb/v6-m/nofp\libc_nano.a(libc_a-fflush.o)
                0x080049a8                _fflush_r
 .text.__swbuf_r
                0x080049fe       0x84 C:/ST/STM32CubeIDE_1.18.1/STM32CubeIDE/plugins/com.st.stm32cube.ide.mcu.externaltools.gnu-tools-for-stm32.13.3.rel1.win32_1.0.0.202411081344/tools/bin/../lib/gcc/arm-none-eabi/13.3.1/../../../../arm-none-eabi/lib/thumb/v6-m/nofp\libc_nano.a(libc_a-wbuf.o)
                0x080049fe                __swbuf_r
 *fill*         0x08004a82        0x2 
 .text.__swsetup_r
                0x08004a84       0xbc C:/ST/STM32CubeIDE_1.18.1/STM32CubeIDE/plugins/com.st.stm32cube.ide.mcu.externaltools.gnu-tools-for-stm32.13.3.rel1.win32_1.0.0.202411081344/tools/bin/../lib/gcc/arm-none-eabi/13.3.1/../../../../arm-none-eabi/lib/thumb/v6-m/nofp\libc_nano.a(libc_a-wsetup.o)
                0x08004a84                __swsetup_r
 .text._raise_r
                0x08004b40       0x52 C:/ST/STM32CubeIDE_1.18.1/STM32CubeIDE/plugins/com.st.stm32cube.ide.mcu.externaltools.gnu-tools-for-stm32.13.3.rel1.win32_1.0.0.202411081344/tools/bin/../lib/gcc/arm-none-eabi/13.3.1/../../../../arm-none-eabi/lib/thumb/v6-m/nofp\libc_nano.a(libc_a-signal.o)
                0x08004b40                _raise_r
 *fill*         0x08004b92        0x2 
 .text.raise    0x08004b94       0x14 C:/ST/STM32CubeIDE_1.18.1/STM32CubeIDE/plugins/com.st.stm32cube.ide.mcu.externaltools.gnu-tools-for-stm32.13.3.rel1.win32_1.0.0.202411081344/tools/bin/../lib/gcc/arm-none-eabi/13.3.1/../../../../arm-none-eabi/lib/thumb/v6-m/nofp\libc_nano.a(libc_a-signal.o)
                0x08004b94                raise
 .text._kill_r  0x08004ba8       0x24 C:/ST/STM32CubeIDE_1.18.1/STM32CubeIDE/plugins/com.st.stm32cube.ide.mcu.externaltools.gnu-tools-for-stm32.13.3.rel1.win32_1.0.0.202411081344/tools/bin/../lib/gcc/arm-none-eabi/13.3.1/../../../../arm-none-eabi/lib/thumb/v6-m/nofp\libc_nano.a(libc_a-signalr.o)
                0x08004ba8                _kill_r
 .text._getpid_r
                0x08004bcc        0x8 C:/ST/STM32CubeIDE_1.18.1/STM32CubeIDE/plugins/com.st.stm32cube.ide.mcu.externaltools.gnu-tools-for-stm32.13.3.rel1.win32_1.0.0.202411081344/tools/bin/../lib/gcc/arm-none-eabi/13.3.1/../../../../arm-none-eabi/lib/thumb/v6-m/nofp\libc_nano.a(libc_a-signalr.o)
                0x08004bcc                _getpid_r
 .text._sbrk_r  0x08004bd4       0x24 C:/ST/STM32CubeIDE_1.18.1/STM32CubeIDE/plugins/com.st.stm32cube.ide.mcu.externaltools.gnu-tools-for-stm32.13.3.rel1.win32_1.0.0.202411081344/tools/bin/../lib/gcc/arm-none-eabi/13.3.1/../../../../arm-none-eabi/lib/thumb/v6-m/nofp\libc_nano.a(libc_a-sbrkr.o)
                0x08004bd4                _sbrk_r
 .text.memchr   0x08004bf8       0x16 C:/ST/STM32CubeIDE_1.18.1/STM32CubeIDE/plugins/com.st.stm32cube.ide.mcu.externaltools.gnu-tools-for-stm32.13.3.rel1.win32_1.0.0.202411081344/tools/bin/../lib/gcc/arm-none-eabi/13.3.1/../../../../arm-none-eabi/lib/thumb/v6-m/nofp\libc_nano.a(libc_a-memchr-stub.o)
                0x08004bf8                memchr
 *fill*         0x08004c0e        0x2 
 .text.__swhatbuf_r
                0x08004c10       0x54 C:/ST/STM32CubeIDE_1.18.1/STM32CubeIDE/plugins/com.st.stm32cube.ide.mcu.externaltools.gnu-tools-for-stm32.13.3.rel1.win32_1.0.0.202411081344/tools/bin/../lib/gcc/arm-none-eabi/13.3.1/../../../../arm-none-eabi/lib/thumb/v6-m/nofp\libc_nano.a(libc_a-makebuf.o)
                0x08004c10                __swhatbuf_r
 .text.__smakebuf_r
                0x08004c64       0x82 C:/ST/STM32CubeIDE_1.18.1/STM32CubeIDE/plugins/com.st.stm32cube.ide.mcu.externaltools.gnu-tools-for-stm32.13.3.rel1.win32_1.0.0.202411081344/tools/bin/../lib/gcc/arm-none-eabi/13.3.1/../../../../arm-none-eabi/lib/thumb/v6-m/nofp\libc_nano.a(libc_a-makebuf.o)
                0x08004c64                __smakebuf_r
 *fill*         0x08004ce6        0x2 
 .text._fstat_r
                0x08004ce8       0x24 C:/ST/STM32CubeIDE_1.18.1/STM32CubeIDE/plugins/com.st.stm32cube.ide.mcu.externaltools.gnu-tools-for-stm32.13.3.rel1.win32_1.0.0.202411081344/tools/bin/../lib/gcc/arm-none-eabi/13.3.1/../../../../arm-none-eabi/lib/thumb/v6-m/nofp\libc_nano.a(libc_a-fstatr.o)
                0x08004ce8                _fstat_r
 .text._isatty_r
                0x08004d0c       0x24 C:/ST/STM32CubeIDE_1.18.1/STM32CubeIDE/plugins/com.st.stm32cube.ide.mcu.externaltools.gnu-tools-for-stm32.13.3.rel1.win32_1.0.0.202411081344/tools/bin/../lib/gcc/arm-none-eabi/13.3.1/../../../../arm-none-eabi/lib/thumb/v6-m/nofp\libc_nano.a(libc_a-isattyr.o)
                0x08004d0c                _isatty_r
 *(.glue_7)
 .glue_7        0x08004d30        0x0 linker stubs
 *(.glue_7t)
 .glue_7t       0x08004d30        0x0 linker stubs
 *(.eh_frame)
 .eh_frame      0x08004d30        0x0 C:/ST/STM32CubeIDE_1.18.1/STM32CubeIDE/plugins/com.st.stm32cube.ide.mcu.externaltools.gnu-tools-for-stm32.13.3.rel1.win32_1.0.0.202411081344/tools/bin/../lib/gcc/arm-none-eabi/13.3.1/thumb/v6-m/nofp/crtbegin.o
 *(.init)
 .init          0x08004d30        0x4 C:/ST/STM32CubeIDE_1.18.1/STM32CubeIDE/plugins/com.st.stm32cube.ide.mcu.externaltools.gnu-tools-for-stm32.13.3.rel1.win32_1.0.0.202411081344/tools/bin/../lib/gcc/arm-none-eabi/13.3.1/thumb/v6-m/nofp/crti.o
                0x08004d30                _init
 .init          0x08004d34        0x8 C:/ST/STM32CubeIDE_1.18.1/STM32CubeIDE/plugins/com.st.stm32cube.ide.mcu.externaltools.gnu-tools-for-stm32.13.3.rel1.win32_1.0.0.202411081344/tools/bin/../lib/gcc/arm-none-eabi/13.3.1/thumb/v6-m/nofp/crtn.o
 *(.fini)
 .fini          0x08004d3c        0x4 C:/ST/STM32CubeIDE_1.18.1/STM32CubeIDE/plugins/com.st.stm32cube.ide.mcu.externaltools.gnu-tools-for-stm32.13.3.rel1.win32_1.0.0.202411081344/tools/bin/../lib/gcc/arm-none-eabi/13.3.1/thumb/v6-m/nofp/crti.o
                0x08004d3c                _fini
 .fini          0x08004d40        0x8 C:/ST/STM32CubeIDE_1.18.1/STM32CubeIDE/plugins/com.st.stm32cube.ide.mcu.externaltools.gnu-tools-for-stm32.13.3.rel1.win32_1.0.0.202411081344/tools/bin/../lib/gcc/arm-none-eabi/13.3.1/thumb/v6-m/nofp/crtn.o
                0x08004d48                        . = ALIGN (0x4)
                0x08004d48                        _etext = .

.vfp11_veneer   0x08004d48        0x0
 .vfp11_veneer  0x08004d48        0x0 linker stubs

.v4_bx          0x08004d48        0x0
 .v4_bx         0x08004d48        0x0 linker stubs

.iplt           0x08004d48        0x0
 .iplt          0x08004d48        0x0 C:/ST/STM32CubeIDE_1.18.1/STM32CubeIDE/plugins/com.st.stm32cube.ide.mcu.externaltools.gnu-tools-for-stm32.13.3.rel1.win32_1.0.0.202411081344/tools/bin/../lib/gcc/arm-none-eabi/13.3.1/thumb/v6-m/nofp/crtbegin.o

.rodata         0x08004d48      0x174
                0x08004d48                        . = ALIGN (0x4)
 *(.rodata)
 .rodata        0x08004d48       0xbb ./Core/Src/LCD_Driver.o
 *(.rodata*)
 *fill*         0x08004e03        0x1 
 .rodata.__func__.0
                0x08004e04       0x16 ./Core/Src/LCD_Driver.o
 *fill*         0x08004e1a        0x2 
 .rodata.AHBPrescTable
                0x08004e1c       0x10 ./Core/Src/system_stm32f0xx.o
                0x08004e1c                AHBPrescTable
 .rodata.aPLLMULFactorTable.1
                0x08004e2c       0x10 ./Drivers/STM32F0xx_HAL_Driver/Src/stm32f0xx_hal_rcc.o
 .rodata.aPredivFactorTable.0
                0x08004e3c       0x10 ./Drivers/STM32F0xx_HAL_Driver/Src/stm32f0xx_hal_rcc.o
 .rodata.__assert_func.str1.1
                0x08004e4c       0x6f C:/ST/STM32CubeIDE_1.18.1/STM32CubeIDE/plugins/com.st.stm32cube.ide.mcu.externaltools.gnu-tools-for-stm32.13.3.rel1.win32_1.0.0.202411081344/tools/bin/../lib/gcc/arm-none-eabi/13.3.1/../../../../arm-none-eabi/lib/thumb/v6-m/nofp\libc_nano.a(libc_a-assert.o)
                                 0x3d (size before relaxing)
 .rodata._vfprintf_r.str1.1
                0x08004ebb       0x11 C:/ST/STM32CubeIDE_1.18.1/STM32CubeIDE/plugins/com.st.stm32cube.ide.mcu.externaltools.gnu-tools-for-stm32.13.3.rel1.win32_1.0.0.202411081344/tools/bin/../lib/gcc/arm-none-eabi/13.3.1/../../../../arm-none-eabi/lib/thumb/v6-m/nofp\libc_nano.a(libc_a-nano-vfprintf.o)
 .rodata._printf_i.str1.1
                0x08004ebb       0x22 C:/ST/STM32CubeIDE_1.18.1/STM32CubeIDE/plugins/com.st.stm32cube.ide.mcu.externaltools.gnu-tools-for-stm32.13.3.rel1.win32_1.0.0.202411081344/tools/bin/../lib/gcc/arm-none-eabi/13.3.1/../../../../arm-none-eabi/lib/thumb/v6-m/nofp\libc_nano.a(libc_a-nano-vfprintf_i.o)
                0x08004ee0                        . = ALIGN (0x4)
 *fill*         0x08004ebb        0x1 

.ARM.extab      0x08004ebc        0x0
                0x08004ebc                        . = ALIGN (0x4)
 *(.ARM.extab* .gnu.linkonce.armextab.*)
                0x08004ebc                        . = ALIGN (0x4)

.ARM            0x08004ebc        0x0
                0x08004ebc                        . = ALIGN (0x4)
                0x08004ebc                        __exidx_start = .
 *(.ARM.exidx*)
                0x08004ebc                        __exidx_end = .
                0x08004ebc                        . = ALIGN (0x4)

.preinit_array  0x08004ebc        0x0
                0x08004ebc                        . = ALIGN (0x4)
                0x08004ebc                        PROVIDE (__preinit_array_start = .)
 *(.preinit_array*)
                0x08004ebc                        PROVIDE (__preinit_array_end = .)
                0x08004ebc                        . = ALIGN (0x4)

.init_array     0x08004ebc        0x4
                0x08004ebc                        . = ALIGN (0x4)
                0x08004ebc                        PROVIDE (__init_array_start = .)
 *(SORT_BY_NAME(.init_array.*))
 *(.init_array*)
 .init_array    0x08004ebc        0x4 C:/ST/STM32CubeIDE_1.18.1/STM32CubeIDE/plugins/com.st.stm32cube.ide.mcu.externaltools.gnu-tools-for-stm32.13.3.rel1.win32_1.0.0.202411081344/tools/bin/../lib/gcc/arm-none-eabi/13.3.1/thumb/v6-m/nofp/crtbegin.o
                0x08004ec0                        PROVIDE (__init_array_end = .)
                0x08004ec0                        . = ALIGN (0x4)

.fini_array     0x08004ec0        0x4
                0x08004ec0                        . = ALIGN (0x4)
                [!provide]                        PROVIDE (__fini_array_start = .)
 *(SORT_BY_NAME(.fini_array.*))
 *(.fini_array*)
 .fini_array    0x08004ec0        0x4 C:/ST/STM32CubeIDE_1.18.1/STM32CubeIDE/plugins/com.st.stm32cube.ide.mcu.externaltools.gnu-tools-for-stm32.13.3.rel1.win32_1.0.0.202411081344/tools/bin/../lib/gcc/arm-none-eabi/13.3.1/thumb/v6-m/nofp/crtbegin.o
                [!provide]                        PROVIDE (__fini_array_end = .)
                0x08004ec4                        . = ALIGN (0x4)
                0x08004ec4                        _sidata = LOADADDR (.data)

.rel.dyn        0x08004ec4        0x0
 .rel.iplt      0x08004ec4        0x0 C:/ST/STM32CubeIDE_1.18.1/STM32CubeIDE/plugins/com.st.stm32cube.ide.mcu.externaltools.gnu-tools-for-stm32.13.3.rel1.win32_1.0.0.202411081344/tools/bin/../lib/gcc/arm-none-eabi/13.3.1/thumb/v6-m/nofp/crtbegin.o

.data           0x20000000     0x1e20 load address 0x08004ec4
                0x20000000                        . = ALIGN (0x4)
                0x20000000                        _sdata = .
 *(.data)
 *(.data*)
 .data.lcd_dma_ready
                0x20000000        0x1 ./Core/Src/LCD_Driver.o
 *fill*         0x20000001        0x1 
 .data.spaceship_curr_loc
                0x20000002        0x2 ./Core/Src/game.o
 .data.number   0x20000004       0x28 ./Core/Src/game.o
 .data.movement_delay
                0x2000002c        0x2 ./Core/Src/main.o
                0x2000002c                movement_delay
 *fill*         0x2000002e        0x2 
 .data.spaceship_sprite
                0x20000030      0x7a8 ./Core/Src/sprites.o
                0x20000030                spaceship_sprite
 .data.number_0
                0x200007d8      0x230 ./Core/Src/sprites.o
                0x200007d8                number_0
 .data.number_1
                0x20000a08      0x230 ./Core/Src/sprites.o
                0x20000a08                number_1
 .data.number_2
                0x20000c38      0x230 ./Core/Src/sprites.o
                0x20000c38                number_2
 .data.number_3
                0x20000e68      0x230 ./Core/Src/sprites.o
                0x20000e68                number_3
 .data.number_4
                0x20001098      0x230 ./Core/Src/sprites.o
                0x20001098                number_4
 .data.number_5
                0x200012c8      0x230 ./Core/Src/sprites.o
                0x200012c8                number_5
 .data.number_6
                0x200014f8      0x230 ./Core/Src/sprites.o
                0x200014f8                number_6
 .data.number_7
                0x20001728      0x230 ./Core/Src/sprites.o
                0x20001728                number_7
 .data.number_8
                0x20001958      0x230 ./Core/Src/sprites.o
                0x20001958                number_8
 .data.number_9
                0x20001b88      0x230 ./Core/Src/sprites.o
                0x20001b88                number_9
 .data.SystemCoreClock
                0x20001db8        0x4 ./Core/Src/system_stm32f0xx.o
                0x20001db8                SystemCoreClock
 .data.uwTickPrio
                0x20001dbc        0x4 ./Drivers/STM32F0xx_HAL_Driver/Src/stm32f0xx_hal.o
                0x20001dbc                uwTickPrio
 .data.uwTickFreq
                0x20001dc0        0x1 ./Drivers/STM32F0xx_HAL_Driver/Src/stm32f0xx_hal.o
                0x20001dc0                uwTickFreq
 *fill*         0x20001dc1        0x3 
 .data.__sglue  0x20001dc4        0xc C:/ST/STM32CubeIDE_1.18.1/STM32CubeIDE/plugins/com.st.stm32cube.ide.mcu.externaltools.gnu-tools-for-stm32.13.3.rel1.win32_1.0.0.202411081344/tools/bin/../lib/gcc/arm-none-eabi/13.3.1/../../../../arm-none-eabi/lib/thumb/v6-m/nofp\libc_nano.a(libc_a-findfp.o)
                0x20001dc4                __sglue
 .data._impure_ptr
                0x20001dd0        0x4 C:/ST/STM32CubeIDE_1.18.1/STM32CubeIDE/plugins/com.st.stm32cube.ide.mcu.externaltools.gnu-tools-for-stm32.13.3.rel1.win32_1.0.0.202411081344/tools/bin/../lib/gcc/arm-none-eabi/13.3.1/../../../../arm-none-eabi/lib/thumb/v6-m/nofp\libc_nano.a(libc_a-impure.o)
                0x20001dd0                _impure_ptr
 .data._impure_data
                0x20001dd4       0x4c C:/ST/STM32CubeIDE_1.18.1/STM32CubeIDE/plugins/com.st.stm32cube.ide.mcu.externaltools.gnu-tools-for-stm32.13.3.rel1.win32_1.0.0.202411081344/tools/bin/../lib/gcc/arm-none-eabi/13.3.1/../../../../arm-none-eabi/lib/thumb/v6-m/nofp\libc_nano.a(libc_a-impure.o)
                0x20001dd4                _impure_data
 *(.RamFunc)
 *(.RamFunc*)
                0x20001e20                        . = ALIGN (0x4)
                0x20001e20                        _edata = .

.igot.plt       0x20001e20        0x0 load address 0x08006ce4
 .igot.plt      0x20001e20        0x0 C:/ST/STM32CubeIDE_1.18.1/STM32CubeIDE/plugins/com.st.stm32cube.ide.mcu.externaltools.gnu-tools-for-stm32.13.3.rel1.win32_1.0.0.202411081344/tools/bin/../lib/gcc/arm-none-eabi/13.3.1/thumb/v6-m/nofp/crtbegin.o
                0x20001e20                        . = ALIGN (0x4)

.bss            0x20001e20      0xa24 load address 0x08006ce4
                0x20001e20                        _sbss = .
                0x20001e20                        __bss_start__ = _sbss
 *(.bss)
 .bss           0x20001e20       0x1c C:/ST/STM32CubeIDE_1.18.1/STM32CubeIDE/plugins/com.st.stm32cube.ide.mcu.externaltools.gnu-tools-for-stm32.13.3.rel1.win32_1.0.0.202411081344/tools/bin/../lib/gcc/arm-none-eabi/13.3.1/thumb/v6-m/nofp/crtbegin.o
 *(.bss*)
 .bss.lcd_dma_byte
                0x20001e3c        0x1 ./Core/Src/LCD_Driver.o
 *fill*         0x20001e3d        0x1 
 .bss.LCD_HEIGHT
                0x20001e3e        0x2 ./Core/Src/LCD_Driver.o
 .bss.LCD_WIDTH
                0x20001e40        0x2 ./Core/Src/LCD_Driver.o
 *fill*         0x20001e42        0x2 
 .bss.hcrc      0x20001e44       0x24 ./Core/Src/crc.o
                0x20001e44                hcrc
 .bss.score     0x20001e68        0x2 ./Core/Src/game.o
 *fill*         0x20001e6a        0x2 
 .bss.framebuffer
                0x20001e6c      0x780 ./Core/Src/graphics.o
 .bss.left_pressed
                0x200025ec        0x1 ./Core/Src/main.o
                0x200025ec                left_pressed
 .bss.right_pressed
                0x200025ed        0x1 ./Core/Src/main.o
                0x200025ed                right_pressed
 .bss.shoot_pressed
                0x200025ee        0x1 ./Core/Src/main.o
                0x200025ee                shoot_pressed
 *fill*         0x200025ef        0x1 
 .bss.last_right
                0x200025f0        0x4 ./Core/Src/main.o
                0x200025f0                last_right
 .bss.last_left
                0x200025f4        0x4 ./Core/Src/main.o
                0x200025f4                last_left
 .bss.last_shoot
                0x200025f8        0x4 ./Core/Src/main.o
                0x200025f8                last_shoot
 .bss.last_move
                0x200025fc        0x4 ./Core/Src/main.o
                0x200025fc                last_move
 .bss.hspi2     0x20002600       0x64 ./Core/Src/spi.o
                0x20002600                hspi2
 .bss.hdma_spi2_tx
                0x20002664       0x44 ./Core/Src/spi.o
                0x20002664                hdma_spi2_tx
 .bss.__sbrk_heap_end
                0x200026a8        0x4 ./Core/Src/sysmem.o
 .bss.htim15    0x200026ac       0x48 ./Core/Src/tim.o
                0x200026ac                htim15
 .bss.uwTick    0x200026f4        0x4 ./Drivers/STM32F0xx_HAL_Driver/Src/stm32f0xx_hal.o
                0x200026f4                uwTick
 .bss.__sf      0x200026f8      0x138 C:/ST/STM32CubeIDE_1.18.1/STM32CubeIDE/plugins/com.st.stm32cube.ide.mcu.externaltools.gnu-tools-for-stm32.13.3.rel1.win32_1.0.0.202411081344/tools/bin/../lib/gcc/arm-none-eabi/13.3.1/../../../../arm-none-eabi/lib/thumb/v6-m/nofp\libc_nano.a(libc_a-findfp.o)
                0x200026f8                __sf
 .bss.__stdio_exit_handler
                0x20002830        0x4 C:/ST/STM32CubeIDE_1.18.1/STM32CubeIDE/plugins/com.st.stm32cube.ide.mcu.externaltools.gnu-tools-for-stm32.13.3.rel1.win32_1.0.0.202411081344/tools/bin/../lib/gcc/arm-none-eabi/13.3.1/../../../../arm-none-eabi/lib/thumb/v6-m/nofp\libc_nano.a(libc_a-findfp.o)
                0x20002830                __stdio_exit_handler
 .bss.errno     0x20002834        0x4 C:/ST/STM32CubeIDE_1.18.1/STM32CubeIDE/plugins/com.st.stm32cube.ide.mcu.externaltools.gnu-tools-for-stm32.13.3.rel1.win32_1.0.0.202411081344/tools/bin/../lib/gcc/arm-none-eabi/13.3.1/../../../../arm-none-eabi/lib/thumb/v6-m/nofp\libc_nano.a(libc_a-reent.o)
                0x20002834                errno
 .bss.__lock___malloc_recursive_mutex
                0x20002838        0x1 C:/ST/STM32CubeIDE_1.18.1/STM32CubeIDE/plugins/com.st.stm32cube.ide.mcu.externaltools.gnu-tools-for-stm32.13.3.rel1.win32_1.0.0.202411081344/tools/bin/../lib/gcc/arm-none-eabi/13.3.1/../../../../arm-none-eabi/lib/thumb/v6-m/nofp\libc_nano.a(libc_a-lock.o)
                0x20002838                __lock___malloc_recursive_mutex
 .bss.__lock___sfp_recursive_mutex
                0x20002839        0x1 C:/ST/STM32CubeIDE_1.18.1/STM32CubeIDE/plugins/com.st.stm32cube.ide.mcu.externaltools.gnu-tools-for-stm32.13.3.rel1.win32_1.0.0.202411081344/tools/bin/../lib/gcc/arm-none-eabi/13.3.1/../../../../arm-none-eabi/lib/thumb/v6-m/nofp\libc_nano.a(libc_a-lock.o)
                0x20002839                __lock___sfp_recursive_mutex
 *fill*         0x2000283a        0x2 
 .bss.__malloc_sbrk_start
                0x2000283c        0x4 C:/ST/STM32CubeIDE_1.18.1/STM32CubeIDE/plugins/com.st.stm32cube.ide.mcu.externaltools.gnu-tools-for-stm32.13.3.rel1.win32_1.0.0.202411081344/tools/bin/../lib/gcc/arm-none-eabi/13.3.1/../../../../arm-none-eabi/lib/thumb/v6-m/nofp\libc_nano.a(libc_a-mallocr.o)
                0x2000283c                __malloc_sbrk_start
 .bss.__malloc_free_list
                0x20002840        0x4 C:/ST/STM32CubeIDE_1.18.1/STM32CubeIDE/plugins/com.st.stm32cube.ide.mcu.externaltools.gnu-tools-for-stm32.13.3.rel1.win32_1.0.0.202411081344/tools/bin/../lib/gcc/arm-none-eabi/13.3.1/../../../../arm-none-eabi/lib/thumb/v6-m/nofp\libc_nano.a(libc_a-mallocr.o)
                0x20002840                __malloc_free_list
 *(COMMON)
                0x20002844                        . = ALIGN (0x4)
                0x20002844                        _ebss = .
                0x20002844                        __bss_end__ = _ebss

._user_heap_stack
                0x20002844      0x604 load address 0x08006ce4
                0x20002848                        . = ALIGN (0x8)
 *fill*         0x20002844        0x4 
                [!provide]                        PROVIDE (end = .)
                0x20002848                        PROVIDE (_end = .)
                0x20002a48                        . = (. + _Min_Heap_Size)
 *fill*         0x20002848      0x200 
                0x20002e48                        . = (. + _Min_Stack_Size)
 *fill*         0x20002a48      0x400 
                0x20002e48                        . = ALIGN (0x8)

/DISCARD/
 libc.a(*)
 libm.a(*)
 libgcc.a(*)

.ARM.attributes
                0x00000000       0x28
 *(.ARM.attributes)
 .ARM.attributes
                0x00000000       0x1e C:/ST/STM32CubeIDE_1.18.1/STM32CubeIDE/plugins/com.st.stm32cube.ide.mcu.externaltools.gnu-tools-for-stm32.13.3.rel1.win32_1.0.0.202411081344/tools/bin/../lib/gcc/arm-none-eabi/13.3.1/thumb/v6-m/nofp/crti.o
 .ARM.attributes
                0x0000001e       0x2c C:/ST/STM32CubeIDE_1.18.1/STM32CubeIDE/plugins/com.st.stm32cube.ide.mcu.externaltools.gnu-tools-for-stm32.13.3.rel1.win32_1.0.0.202411081344/tools/bin/../lib/gcc/arm-none-eabi/13.3.1/thumb/v6-m/nofp/crtbegin.o
 .ARM.attributes
                0x0000004a       0x2c ./Core/Src/LCD_Driver.o
 .ARM.attributes
                0x00000076       0x2c ./Core/Src/crc.o
 .ARM.attributes
                0x000000a2       0x2c ./Core/Src/dma.o
 .ARM.attributes
                0x000000ce       0x2c ./Core/Src/game.o
 .ARM.attributes
                0x000000fa       0x2c ./Core/Src/gpio.o
 .ARM.attributes
                0x00000126       0x2c ./Core/Src/graphics.o
 .ARM.attributes
                0x00000152       0x2c ./Core/Src/main.o
 .ARM.attributes
                0x0000017e       0x2c ./Core/Src/spi.o
 .ARM.attributes
                0x000001aa       0x2c ./Core/Src/sprites.o
 .ARM.attributes
                0x000001d6       0x2c ./Core/Src/stm32f0xx_hal_msp.o
 .ARM.attributes
                0x00000202       0x2c ./Core/Src/stm32f0xx_it.o
 .ARM.attributes
                0x0000022e       0x2c ./Core/Src/syscalls.o
 .ARM.attributes
                0x0000025a       0x2c ./Core/Src/sysmem.o
 .ARM.attributes
                0x00000286       0x2c ./Core/Src/system_stm32f0xx.o
 .ARM.attributes
                0x000002b2       0x2c ./Core/Src/tim.o
 .ARM.attributes
                0x000002de       0x21 ./Core/Startup/startup_stm32f091rctx.o
 .ARM.attributes
                0x000002ff       0x2c ./Drivers/STM32F0xx_HAL_Driver/Src/stm32f0xx_hal.o
 .ARM.attributes
                0x0000032b       0x2c ./Drivers/STM32F0xx_HAL_Driver/Src/stm32f0xx_hal_cortex.o
 .ARM.attributes
                0x00000357       0x2c ./Drivers/STM32F0xx_HAL_Driver/Src/stm32f0xx_hal_crc.o
 .ARM.attributes
                0x00000383       0x2c ./Drivers/STM32F0xx_HAL_Driver/Src/stm32f0xx_hal_crc_ex.o
 .ARM.attributes
                0x000003af       0x2c ./Drivers/STM32F0xx_HAL_Driver/Src/stm32f0xx_hal_dma.o
 .ARM.attributes
                0x000003db       0x2c ./Drivers/STM32F0xx_HAL_Driver/Src/stm32f0xx_hal_gpio.o
 .ARM.attributes
                0x00000407       0x2c ./Drivers/STM32F0xx_HAL_Driver/Src/stm32f0xx_hal_rcc.o
 .ARM.attributes
                0x00000433       0x2c ./Drivers/STM32F0xx_HAL_Driver/Src/stm32f0xx_hal_spi.o
 .ARM.attributes
                0x0000045f       0x2c ./Drivers/STM32F0xx_HAL_Driver/Src/stm32f0xx_hal_tim.o
 .ARM.attributes
                0x0000048b       0x2c ./Drivers/STM32F0xx_HAL_Driver/Src/stm32f0xx_hal_tim_ex.o
 .ARM.attributes
                0x000004b7       0x2c C:/ST/STM32CubeIDE_1.18.1/STM32CubeIDE/plugins/com.st.stm32cube.ide.mcu.externaltools.gnu-tools-for-stm32.13.3.rel1.win32_1.0.0.202411081344/tools/bin/../lib/gcc/arm-none-eabi/13.3.1/../../../../arm-none-eabi/lib/thumb/v6-m/nofp\libc_nano.a(libc_a-assert.o)
 .ARM.attributes
                0x000004e3       0x2c C:/ST/STM32CubeIDE_1.18.1/STM32CubeIDE/plugins/com.st.stm32cube.ide.mcu.externaltools.gnu-tools-for-stm32.13.3.rel1.win32_1.0.0.202411081344/tools/bin/../lib/gcc/arm-none-eabi/13.3.1/../../../../arm-none-eabi/lib/thumb/v6-m/nofp\libc_nano.a(libc_a-findfp.o)
 .ARM.attributes
                0x0000050f       0x2c C:/ST/STM32CubeIDE_1.18.1/STM32CubeIDE/plugins/com.st.stm32cube.ide.mcu.externaltools.gnu-tools-for-stm32.13.3.rel1.win32_1.0.0.202411081344/tools/bin/../lib/gcc/arm-none-eabi/13.3.1/../../../../arm-none-eabi/lib/thumb/v6-m/nofp\libc_nano.a(libc_a-fprintf.o)
 .ARM.attributes
                0x0000053b       0x2c C:/ST/STM32CubeIDE_1.18.1/STM32CubeIDE/plugins/com.st.stm32cube.ide.mcu.externaltools.gnu-tools-for-stm32.13.3.rel1.win32_1.0.0.202411081344/tools/bin/../lib/gcc/arm-none-eabi/13.3.1/../../../../arm-none-eabi/lib/thumb/v6-m/nofp\libc_nano.a(libc_a-fwalk.o)
 .ARM.attributes
                0x00000567       0x2c C:/ST/STM32CubeIDE_1.18.1/STM32CubeIDE/plugins/com.st.stm32cube.ide.mcu.externaltools.gnu-tools-for-stm32.13.3.rel1.win32_1.0.0.202411081344/tools/bin/../lib/gcc/arm-none-eabi/13.3.1/../../../../arm-none-eabi/lib/thumb/v6-m/nofp\libc_nano.a(libc_a-stdio.o)
 .ARM.attributes
                0x00000593       0x2c C:/ST/STM32CubeIDE_1.18.1/STM32CubeIDE/plugins/com.st.stm32cube.ide.mcu.externaltools.gnu-tools-for-stm32.13.3.rel1.win32_1.0.0.202411081344/tools/bin/../lib/gcc/arm-none-eabi/13.3.1/../../../../arm-none-eabi/lib/thumb/v6-m/nofp\libc_nano.a(libc_a-memset.o)
 .ARM.attributes
                0x000005bf       0x2c C:/ST/STM32CubeIDE_1.18.1/STM32CubeIDE/plugins/com.st.stm32cube.ide.mcu.externaltools.gnu-tools-for-stm32.13.3.rel1.win32_1.0.0.202411081344/tools/bin/../lib/gcc/arm-none-eabi/13.3.1/../../../../arm-none-eabi/lib/thumb/v6-m/nofp\libc_nano.a(libc_a-closer.o)
 .ARM.attributes
                0x000005eb       0x2c C:/ST/STM32CubeIDE_1.18.1/STM32CubeIDE/plugins/com.st.stm32cube.ide.mcu.externaltools.gnu-tools-for-stm32.13.3.rel1.win32_1.0.0.202411081344/tools/bin/../lib/gcc/arm-none-eabi/13.3.1/../../../../arm-none-eabi/lib/thumb/v6-m/nofp\libc_nano.a(libc_a-reent.o)
 .ARM.attributes
                0x00000617       0x2c C:/ST/STM32CubeIDE_1.18.1/STM32CubeIDE/plugins/com.st.stm32cube.ide.mcu.externaltools.gnu-tools-for-stm32.13.3.rel1.win32_1.0.0.202411081344/tools/bin/../lib/gcc/arm-none-eabi/13.3.1/../../../../arm-none-eabi/lib/thumb/v6-m/nofp\libc_nano.a(libc_a-impure.o)
 .ARM.attributes
                0x00000643       0x2c C:/ST/STM32CubeIDE_1.18.1/STM32CubeIDE/plugins/com.st.stm32cube.ide.mcu.externaltools.gnu-tools-for-stm32.13.3.rel1.win32_1.0.0.202411081344/tools/bin/../lib/gcc/arm-none-eabi/13.3.1/../../../../arm-none-eabi/lib/thumb/v6-m/nofp\libc_nano.a(libc_a-lseekr.o)
 .ARM.attributes
                0x0000066f       0x2c C:/ST/STM32CubeIDE_1.18.1/STM32CubeIDE/plugins/com.st.stm32cube.ide.mcu.externaltools.gnu-tools-for-stm32.13.3.rel1.win32_1.0.0.202411081344/tools/bin/../lib/gcc/arm-none-eabi/13.3.1/../../../../arm-none-eabi/lib/thumb/v6-m/nofp\libc_nano.a(libc_a-readr.o)
 .ARM.attributes
                0x0000069b       0x2c C:/ST/STM32CubeIDE_1.18.1/STM32CubeIDE/plugins/com.st.stm32cube.ide.mcu.externaltools.gnu-tools-for-stm32.13.3.rel1.win32_1.0.0.202411081344/tools/bin/../lib/gcc/arm-none-eabi/13.3.1/../../../../arm-none-eabi/lib/thumb/v6-m/nofp\libc_nano.a(libc_a-writer.o)
 .ARM.attributes
                0x000006c7       0x2c C:/ST/STM32CubeIDE_1.18.1/STM32CubeIDE/plugins/com.st.stm32cube.ide.mcu.externaltools.gnu-tools-for-stm32.13.3.rel1.win32_1.0.0.202411081344/tools/bin/../lib/gcc/arm-none-eabi/13.3.1/../../../../arm-none-eabi/lib/thumb/v6-m/nofp\libc_nano.a(libc_a-errno.o)
 .ARM.attributes
                0x000006f3       0x2c C:/ST/STM32CubeIDE_1.18.1/STM32CubeIDE/plugins/com.st.stm32cube.ide.mcu.externaltools.gnu-tools-for-stm32.13.3.rel1.win32_1.0.0.202411081344/tools/bin/../lib/gcc/arm-none-eabi/13.3.1/../../../../arm-none-eabi/lib/thumb/v6-m/nofp\libc_nano.a(libc_a-init.o)
 .ARM.attributes
                0x0000071f       0x2c C:/ST/STM32CubeIDE_1.18.1/STM32CubeIDE/plugins/com.st.stm32cube.ide.mcu.externaltools.gnu-tools-for-stm32.13.3.rel1.win32_1.0.0.202411081344/tools/bin/../lib/gcc/arm-none-eabi/13.3.1/../../../../arm-none-eabi/lib/thumb/v6-m/nofp\libc_nano.a(libc_a-lock.o)
 .ARM.attributes
                0x0000074b       0x2c C:/ST/STM32CubeIDE_1.18.1/STM32CubeIDE/plugins/com.st.stm32cube.ide.mcu.externaltools.gnu-tools-for-stm32.13.3.rel1.win32_1.0.0.202411081344/tools/bin/../lib/gcc/arm-none-eabi/13.3.1/../../../../arm-none-eabi/lib/thumb/v6-m/nofp\libc_nano.a(libc_a-abort.o)
 .ARM.attributes
                0x00000777       0x2c C:/ST/STM32CubeIDE_1.18.1/STM32CubeIDE/plugins/com.st.stm32cube.ide.mcu.externaltools.gnu-tools-for-stm32.13.3.rel1.win32_1.0.0.202411081344/tools/bin/../lib/gcc/arm-none-eabi/13.3.1/../../../../arm-none-eabi/lib/thumb/v6-m/nofp\libc_nano.a(libc_a-freer.o)
 .ARM.attributes
                0x000007a3       0x2c C:/ST/STM32CubeIDE_1.18.1/STM32CubeIDE/plugins/com.st.stm32cube.ide.mcu.externaltools.gnu-tools-for-stm32.13.3.rel1.win32_1.0.0.202411081344/tools/bin/../lib/gcc/arm-none-eabi/13.3.1/../../../../arm-none-eabi/lib/thumb/v6-m/nofp\libc_nano.a(libc_a-mallocr.o)
 .ARM.attributes
                0x000007cf       0x2c C:/ST/STM32CubeIDE_1.18.1/STM32CubeIDE/plugins/com.st.stm32cube.ide.mcu.externaltools.gnu-tools-for-stm32.13.3.rel1.win32_1.0.0.202411081344/tools/bin/../lib/gcc/arm-none-eabi/13.3.1/../../../../arm-none-eabi/lib/thumb/v6-m/nofp\libc_nano.a(libc_a-mlock.o)
 .ARM.attributes
                0x000007fb       0x2c C:/ST/STM32CubeIDE_1.18.1/STM32CubeIDE/plugins/com.st.stm32cube.ide.mcu.externaltools.gnu-tools-for-stm32.13.3.rel1.win32_1.0.0.202411081344/tools/bin/../lib/gcc/arm-none-eabi/13.3.1/../../../../arm-none-eabi/lib/thumb/v6-m/nofp\libc_nano.a(libc_a-nano-vfprintf.o)
 .ARM.attributes
                0x00000827       0x2c C:/ST/STM32CubeIDE_1.18.1/STM32CubeIDE/plugins/com.st.stm32cube.ide.mcu.externaltools.gnu-tools-for-stm32.13.3.rel1.win32_1.0.0.202411081344/tools/bin/../lib/gcc/arm-none-eabi/13.3.1/../../../../arm-none-eabi/lib/thumb/v6-m/nofp\libc_nano.a(libc_a-nano-vfprintf_i.o)
 .ARM.attributes
                0x00000853       0x2c C:/ST/STM32CubeIDE_1.18.1/STM32CubeIDE/plugins/com.st.stm32cube.ide.mcu.externaltools.gnu-tools-for-stm32.13.3.rel1.win32_1.0.0.202411081344/tools/bin/../lib/gcc/arm-none-eabi/13.3.1/../../../../arm-none-eabi/lib/thumb/v6-m/nofp\libc_nano.a(libc_a-fflush.o)
 .ARM.attributes
                0x0000087f       0x2c C:/ST/STM32CubeIDE_1.18.1/STM32CubeIDE/plugins/com.st.stm32cube.ide.mcu.externaltools.gnu-tools-for-stm32.13.3.rel1.win32_1.0.0.202411081344/tools/bin/../lib/gcc/arm-none-eabi/13.3.1/../../../../arm-none-eabi/lib/thumb/v6-m/nofp\libc_nano.a(libc_a-wbuf.o)
 .ARM.attributes
                0x000008ab       0x2c C:/ST/STM32CubeIDE_1.18.1/STM32CubeIDE/plugins/com.st.stm32cube.ide.mcu.externaltools.gnu-tools-for-stm32.13.3.rel1.win32_1.0.0.202411081344/tools/bin/../lib/gcc/arm-none-eabi/13.3.1/../../../../arm-none-eabi/lib/thumb/v6-m/nofp\libc_nano.a(libc_a-wsetup.o)
 .ARM.attributes
                0x000008d7       0x2c C:/ST/STM32CubeIDE_1.18.1/STM32CubeIDE/plugins/com.st.stm32cube.ide.mcu.externaltools.gnu-tools-for-stm32.13.3.rel1.win32_1.0.0.202411081344/tools/bin/../lib/gcc/arm-none-eabi/13.3.1/../../../../arm-none-eabi/lib/thumb/v6-m/nofp\libc_nano.a(libc_a-signal.o)
 .ARM.attributes
                0x00000903       0x2c C:/ST/STM32CubeIDE_1.18.1/STM32CubeIDE/plugins/com.st.stm32cube.ide.mcu.externaltools.gnu-tools-for-stm32.13.3.rel1.win32_1.0.0.202411081344/tools/bin/../lib/gcc/arm-none-eabi/13.3.1/../../../../arm-none-eabi/lib/thumb/v6-m/nofp\libc_nano.a(libc_a-signalr.o)
 .ARM.attributes
                0x0000092f       0x2c C:/ST/STM32CubeIDE_1.18.1/STM32CubeIDE/plugins/com.st.stm32cube.ide.mcu.externaltools.gnu-tools-for-stm32.13.3.rel1.win32_1.0.0.202411081344/tools/bin/../lib/gcc/arm-none-eabi/13.3.1/../../../../arm-none-eabi/lib/thumb/v6-m/nofp\libc_nano.a(libc_a-sbrkr.o)
 .ARM.attributes
                0x0000095b       0x2c C:/ST/STM32CubeIDE_1.18.1/STM32CubeIDE/plugins/com.st.stm32cube.ide.mcu.externaltools.gnu-tools-for-stm32.13.3.rel1.win32_1.0.0.202411081344/tools/bin/../lib/gcc/arm-none-eabi/13.3.1/../../../../arm-none-eabi/lib/thumb/v6-m/nofp\libc_nano.a(libc_a-memchr-stub.o)
 .ARM.attributes
                0x00000987       0x2c C:/ST/STM32CubeIDE_1.18.1/STM32CubeIDE/plugins/com.st.stm32cube.ide.mcu.externaltools.gnu-tools-for-stm32.13.3.rel1.win32_1.0.0.202411081344/tools/bin/../lib/gcc/arm-none-eabi/13.3.1/../../../../arm-none-eabi/lib/thumb/v6-m/nofp\libc_nano.a(libc_a-makebuf.o)
 .ARM.attributes
                0x000009b3       0x2c C:/ST/STM32CubeIDE_1.18.1/STM32CubeIDE/plugins/com.st.stm32cube.ide.mcu.externaltools.gnu-tools-for-stm32.13.3.rel1.win32_1.0.0.202411081344/tools/bin/../lib/gcc/arm-none-eabi/13.3.1/../../../../arm-none-eabi/lib/thumb/v6-m/nofp\libc_nano.a(libc_a-fstatr.o)
 .ARM.attributes
                0x000009df       0x2c C:/ST/STM32CubeIDE_1.18.1/STM32CubeIDE/plugins/com.st.stm32cube.ide.mcu.externaltools.gnu-tools-for-stm32.13.3.rel1.win32_1.0.0.202411081344/tools/bin/../lib/gcc/arm-none-eabi/13.3.1/../../../../arm-none-eabi/lib/thumb/v6-m/nofp\libc_nano.a(libc_a-isattyr.o)
 .ARM.attributes
                0x00000a0b       0x1e C:/ST/STM32CubeIDE_1.18.1/STM32CubeIDE/plugins/com.st.stm32cube.ide.mcu.externaltools.gnu-tools-for-stm32.13.3.rel1.win32_1.0.0.202411081344/tools/bin/../lib/gcc/arm-none-eabi/13.3.1/thumb/v6-m/nofp\libgcc.a(_thumb1_case_shi.o)
 .ARM.attributes
                0x00000a29       0x1e C:/ST/STM32CubeIDE_1.18.1/STM32CubeIDE/plugins/com.st.stm32cube.ide.mcu.externaltools.gnu-tools-for-stm32.13.3.rel1.win32_1.0.0.202411081344/tools/bin/../lib/gcc/arm-none-eabi/13.3.1/thumb/v6-m/nofp\libgcc.a(_udivsi3.o)
 .ARM.attributes
                0x00000a47       0x1e C:/ST/STM32CubeIDE_1.18.1/STM32CubeIDE/plugins/com.st.stm32cube.ide.mcu.externaltools.gnu-tools-for-stm32.13.3.rel1.win32_1.0.0.202411081344/tools/bin/../lib/gcc/arm-none-eabi/13.3.1/thumb/v6-m/nofp\libgcc.a(_dvmd_tls.o)
 .ARM.attributes
                0x00000a65       0x1e C:/ST/STM32CubeIDE_1.18.1/STM32CubeIDE/plugins/com.st.stm32cube.ide.mcu.externaltools.gnu-tools-for-stm32.13.3.rel1.win32_1.0.0.202411081344/tools/bin/../lib/gcc/arm-none-eabi/13.3.1/thumb/v6-m/nofp/crtn.o
OUTPUT(Hello World.elf elf32-littlearm)
LOAD linker stubs
LOAD C:/ST/STM32CubeIDE_1.18.1/STM32CubeIDE/plugins/com.st.stm32cube.ide.mcu.externaltools.gnu-tools-for-stm32.13.3.rel1.win32_1.0.0.202411081344/tools/bin/../lib/gcc/arm-none-eabi/13.3.1/../../../../arm-none-eabi/lib/thumb/v6-m/nofp\libc.a
LOAD C:/ST/STM32CubeIDE_1.18.1/STM32CubeIDE/plugins/com.st.stm32cube.ide.mcu.externaltools.gnu-tools-for-stm32.13.3.rel1.win32_1.0.0.202411081344/tools/bin/../lib/gcc/arm-none-eabi/13.3.1/../../../../arm-none-eabi/lib/thumb/v6-m/nofp\libm.a
LOAD C:/ST/STM32CubeIDE_1.18.1/STM32CubeIDE/plugins/com.st.stm32cube.ide.mcu.externaltools.gnu-tools-for-stm32.13.3.rel1.win32_1.0.0.202411081344/tools/bin/../lib/gcc/arm-none-eabi/13.3.1/thumb/v6-m/nofp\libgcc.a

.debug_info     0x00000000     0xc899
 .debug_info    0x00000000      0xc92 ./Core/Src/LCD_Driver.o
 .debug_info    0x00000c92      0x405 ./Core/Src/crc.o
 .debug_info    0x00001097      0x29d ./Core/Src/dma.o
 .debug_info    0x00001334      0x2a1 ./Core/Src/game.o
 .debug_info    0x000015d5      0x444 ./Core/Src/gpio.o
 .debug_info    0x00001a19      0x409 ./Core/Src/graphics.o
 .debug_info    0x00001e22      0x564 ./Core/Src/main.o
 .debug_info    0x00002386      0x8c2 ./Core/Src/spi.o
 .debug_info    0x00002c48      0x1cf ./Core/Src/sprites.o
 .debug_info    0x00002e17      0x199 ./Core/Src/stm32f0xx_hal_msp.o
 .debug_info    0x00002fb0      0x391 ./Core/Src/stm32f0xx_it.o
 .debug_info    0x00003341      0x6a3 ./Core/Src/syscalls.o
 .debug_info    0x000039e4      0x168 ./Core/Src/sysmem.o
 .debug_info    0x00003b4c      0x242 ./Core/Src/system_stm32f0xx.o
 .debug_info    0x00003d8e      0xb07 ./Core/Src/tim.o
 .debug_info    0x00004895       0x30 ./Core/Startup/startup_stm32f091rctx.o
 .debug_info    0x000048c5      0x6c3 ./Drivers/STM32F0xx_HAL_Driver/Src/stm32f0xx_hal.o
 .debug_info    0x00004f88      0x6bf ./Drivers/STM32F0xx_HAL_Driver/Src/stm32f0xx_hal_cortex.o
 .debug_info    0x00005647      0x53b ./Drivers/STM32F0xx_HAL_Driver/Src/stm32f0xx_hal_crc.o
 .debug_info    0x00005b82      0x366 ./Drivers/STM32F0xx_HAL_Driver/Src/stm32f0xx_hal_crc_ex.o
 .debug_info    0x00005ee8      0x712 ./Drivers/STM32F0xx_HAL_Driver/Src/stm32f0xx_hal_dma.o
 .debug_info    0x000065fa      0x5e6 ./Drivers/STM32F0xx_HAL_Driver/Src/stm32f0xx_hal_gpio.o
 .debug_info    0x00006be0      0x83f ./Drivers/STM32F0xx_HAL_Driver/Src/stm32f0xx_hal_rcc.o
 .debug_info    0x0000741f     0x1640 ./Drivers/STM32F0xx_HAL_Driver/Src/stm32f0xx_hal_spi.o
 .debug_info    0x00008a5f     0x297c ./Drivers/STM32F0xx_HAL_Driver/Src/stm32f0xx_hal_tim.o
 .debug_info    0x0000b3db     0x14be ./Drivers/STM32F0xx_HAL_Driver/Src/stm32f0xx_hal_tim_ex.o

.debug_abbrev   0x00000000     0x2b81
 .debug_abbrev  0x00000000      0x28e ./Core/Src/LCD_Driver.o
 .debug_abbrev  0x0000028e      0x198 ./Core/Src/crc.o
 .debug_abbrev  0x00000426       0xfc ./Core/Src/dma.o
 .debug_abbrev  0x00000522      0x137 ./Core/Src/game.o
 .debug_abbrev  0x00000659      0x174 ./Core/Src/gpio.o
 .debug_abbrev  0x000007cd      0x11c ./Core/Src/graphics.o
 .debug_abbrev  0x000008e9      0x256 ./Core/Src/main.o
 .debug_abbrev  0x00000b3f      0x206 ./Core/Src/spi.o
 .debug_abbrev  0x00000d45       0x87 ./Core/Src/sprites.o
 .debug_abbrev  0x00000dcc       0xc6 ./Core/Src/stm32f0xx_hal_msp.o
 .debug_abbrev  0x00000e92      0x180 ./Core/Src/stm32f0xx_it.o
 .debug_abbrev  0x00001012      0x1b6 ./Core/Src/syscalls.o
 .debug_abbrev  0x000011c8       0xbc ./Core/Src/sysmem.o
 .debug_abbrev  0x00001284      0x11c ./Core/Src/system_stm32f0xx.o
 .debug_abbrev  0x000013a0      0x233 ./Core/Src/tim.o
 .debug_abbrev  0x000015d3       0x24 ./Core/Startup/startup_stm32f091rctx.o
 .debug_abbrev  0x000015f7      0x213 ./Drivers/STM32F0xx_HAL_Driver/Src/stm32f0xx_hal.o
 .debug_abbrev  0x0000180a      0x28c ./Drivers/STM32F0xx_HAL_Driver/Src/stm32f0xx_hal_cortex.o
 .debug_abbrev  0x00001a96      0x1bb ./Drivers/STM32F0xx_HAL_Driver/Src/stm32f0xx_hal_crc.o
 .debug_abbrev  0x00001c51      0x11e ./Drivers/STM32F0xx_HAL_Driver/Src/stm32f0xx_hal_crc_ex.o
 .debug_abbrev  0x00001d6f      0x236 ./Drivers/STM32F0xx_HAL_Driver/Src/stm32f0xx_hal_dma.o
 .debug_abbrev  0x00001fa5      0x1da ./Drivers/STM32F0xx_HAL_Driver/Src/stm32f0xx_hal_gpio.o
 .debug_abbrev  0x0000217f      0x28c ./Drivers/STM32F0xx_HAL_Driver/Src/stm32f0xx_hal_rcc.o
 .debug_abbrev  0x0000240b      0x27b ./Drivers/STM32F0xx_HAL_Driver/Src/stm32f0xx_hal_spi.o
 .debug_abbrev  0x00002686      0x278 ./Drivers/STM32F0xx_HAL_Driver/Src/stm32f0xx_hal_tim.o
 .debug_abbrev  0x000028fe      0x283 ./Drivers/STM32F0xx_HAL_Driver/Src/stm32f0xx_hal_tim_ex.o

.debug_aranges  0x00000000      0xe58
 .debug_aranges
                0x00000000       0x78 ./Core/Src/LCD_Driver.o
 .debug_aranges
                0x00000078       0x30 ./Core/Src/crc.o
 .debug_aranges
                0x000000a8       0x20 ./Core/Src/dma.o
 .debug_aranges
                0x000000c8       0x48 ./Core/Src/game.o
 .debug_aranges
                0x00000110       0x20 ./Core/Src/gpio.o
 .debug_aranges
                0x00000130       0x50 ./Core/Src/graphics.o
 .debug_aranges
                0x00000180       0x38 ./Core/Src/main.o
 .debug_aranges
                0x000001b8       0x30 ./Core/Src/spi.o
 .debug_aranges
                0x000001e8       0x18 ./Core/Src/sprites.o
 .debug_aranges
                0x00000200       0x20 ./Core/Src/stm32f0xx_hal_msp.o
 .debug_aranges
                0x00000220       0x58 ./Core/Src/stm32f0xx_it.o
 .debug_aranges
                0x00000278       0xa8 ./Core/Src/syscalls.o
 .debug_aranges
                0x00000320       0x20 ./Core/Src/sysmem.o
 .debug_aranges
                0x00000340       0x28 ./Core/Src/system_stm32f0xx.o
 .debug_aranges
                0x00000368       0x38 ./Core/Src/tim.o
 .debug_aranges
                0x000003a0       0x28 ./Core/Startup/startup_stm32f091rctx.o
 .debug_aranges
                0x000003c8       0xd0 ./Drivers/STM32F0xx_HAL_Driver/Src/stm32f0xx_hal.o
 .debug_aranges
                0x00000498       0xc0 ./Drivers/STM32F0xx_HAL_Driver/Src/stm32f0xx_hal_cortex.o
 .debug_aranges
                0x00000558       0x60 ./Drivers/STM32F0xx_HAL_Driver/Src/stm32f0xx_hal_crc.o
 .debug_aranges
                0x000005b8       0x30 ./Drivers/STM32F0xx_HAL_Driver/Src/stm32f0xx_hal_crc_ex.o
 .debug_aranges
                0x000005e8       0x88 ./Drivers/STM32F0xx_HAL_Driver/Src/stm32f0xx_hal_dma.o
 .debug_aranges
                0x00000670       0x58 ./Drivers/STM32F0xx_HAL_Driver/Src/stm32f0xx_hal_gpio.o
 .debug_aranges
                0x000006c8       0x80 ./Drivers/STM32F0xx_HAL_Driver/Src/stm32f0xx_hal_rcc.o
 .debug_aranges
                0x00000748      0x1d8 ./Drivers/STM32F0xx_HAL_Driver/Src/stm32f0xx_hal_spi.o
 .debug_aranges
                0x00000920      0x3d0 ./Drivers/STM32F0xx_HAL_Driver/Src/stm32f0xx_hal_tim.o
 .debug_aranges
                0x00000cf0      0x168 ./Drivers/STM32F0xx_HAL_Driver/Src/stm32f0xx_hal_tim_ex.o

.debug_rnglists
                0x00000000      0xae5
 .debug_rnglists
                0x00000000       0x58 ./Core/Src/LCD_Driver.o
 .debug_rnglists
                0x00000058       0x1f ./Core/Src/crc.o
 .debug_rnglists
                0x00000077       0x13 ./Core/Src/dma.o
 .debug_rnglists
                0x0000008a       0x33 ./Core/Src/game.o
 .debug_rnglists
                0x000000bd       0x14 ./Core/Src/gpio.o
 .debug_rnglists
                0x000000d1       0x46 ./Core/Src/graphics.o
 .debug_rnglists
                0x00000117       0x28 ./Core/Src/main.o
 .debug_rnglists
                0x0000013f       0x20 ./Core/Src/spi.o
 .debug_rnglists
                0x0000015f       0x13 ./Core/Src/stm32f0xx_hal_msp.o
 .debug_rnglists
                0x00000172       0x3d ./Core/Src/stm32f0xx_it.o
 .debug_rnglists
                0x000001af       0x79 ./Core/Src/syscalls.o
 .debug_rnglists
                0x00000228       0x13 ./Core/Src/sysmem.o
 .debug_rnglists
                0x0000023b       0x1a ./Core/Src/system_stm32f0xx.o
 .debug_rnglists
                0x00000255       0x27 ./Core/Src/tim.o
 .debug_rnglists
                0x0000027c       0x19 ./Core/Startup/startup_stm32f091rctx.o
 .debug_rnglists
                0x00000295       0x97 ./Drivers/STM32F0xx_HAL_Driver/Src/stm32f0xx_hal.o
 .debug_rnglists
                0x0000032c       0x8c ./Drivers/STM32F0xx_HAL_Driver/Src/stm32f0xx_hal_cortex.o
 .debug_rnglists
                0x000003b8       0x47 ./Drivers/STM32F0xx_HAL_Driver/Src/stm32f0xx_hal_crc.o
 .debug_rnglists
                0x000003ff       0x20 ./Drivers/STM32F0xx_HAL_Driver/Src/stm32f0xx_hal_crc_ex.o
 .debug_rnglists
                0x0000041f       0x6a ./Drivers/STM32F0xx_HAL_Driver/Src/stm32f0xx_hal_dma.o
 .debug_rnglists
                0x00000489       0x3f ./Drivers/STM32F0xx_HAL_Driver/Src/stm32f0xx_hal_gpio.o
 .debug_rnglists
                0x000004c8       0x61 ./Drivers/STM32F0xx_HAL_Driver/Src/stm32f0xx_hal_rcc.o
 .debug_rnglists
                0x00000529      0x17a ./Drivers/STM32F0xx_HAL_Driver/Src/stm32f0xx_hal_spi.o
 .debug_rnglists
                0x000006a3      0x31c ./Drivers/STM32F0xx_HAL_Driver/Src/stm32f0xx_hal_tim.o
 .debug_rnglists
                0x000009bf      0x126 ./Drivers/STM32F0xx_HAL_Driver/Src/stm32f0xx_hal_tim_ex.o

.debug_macro    0x00000000    0x1db6a
 .debug_macro   0x00000000      0x255 ./Core/Src/LCD_Driver.o
 .debug_macro   0x00000255      0xaae ./Core/Src/LCD_Driver.o
 .debug_macro   0x00000d03      0x139 ./Core/Src/LCD_Driver.o
 .debug_macro   0x00000e3c       0x2e ./Core/Src/LCD_Driver.o
 .debug_macro   0x00000e6a       0x22 ./Core/Src/LCD_Driver.o
 .debug_macro   0x00000e8c       0x22 ./Core/Src/LCD_Driver.o
 .debug_macro   0x00000eae       0x8e ./Core/Src/LCD_Driver.o
 .debug_macro   0x00000f3c       0x51 ./Core/Src/LCD_Driver.o
 .debug_macro   0x00000f8d      0x103 ./Core/Src/LCD_Driver.o
 .debug_macro   0x00001090       0x6a ./Core/Src/LCD_Driver.o
 .debug_macro   0x000010fa      0x1df ./Core/Src/LCD_Driver.o
 .debug_macro   0x000012d9       0x1c ./Core/Src/LCD_Driver.o
 .debug_macro   0x000012f5       0x22 ./Core/Src/LCD_Driver.o
 .debug_macro   0x00001317       0xaf ./Core/Src/LCD_Driver.o
 .debug_macro   0x000013c6      0x391 ./Core/Src/LCD_Driver.o
 .debug_macro   0x00001757    0x10e6b ./Core/Src/LCD_Driver.o
 .debug_macro   0x000125c2       0x66 ./Core/Src/LCD_Driver.o
 .debug_macro   0x00012628     0x34da ./Core/Src/LCD_Driver.o
 .debug_macro   0x00015b02      0x190 ./Core/Src/LCD_Driver.o
 .debug_macro   0x00015c92       0x55 ./Core/Src/LCD_Driver.o
 .debug_macro   0x00015ce7      0x946 ./Core/Src/LCD_Driver.o
 .debug_macro   0x0001662d      0x69b ./Core/Src/LCD_Driver.o
 .debug_macro   0x00016cc8      0x1ae ./Core/Src/LCD_Driver.o
 .debug_macro   0x00016e76      0x202 ./Core/Src/LCD_Driver.o
 .debug_macro   0x00017078      0x1a7 ./Core/Src/LCD_Driver.o
 .debug_macro   0x0001721f      0x1bc ./Core/Src/LCD_Driver.o
 .debug_macro   0x000173db      0x4cf ./Core/Src/LCD_Driver.o
 .debug_macro   0x000178aa       0x3c ./Core/Src/LCD_Driver.o
 .debug_macro   0x000178e6       0x28 ./Core/Src/LCD_Driver.o
 .debug_macro   0x0001790e       0xc7 ./Core/Src/LCD_Driver.o
 .debug_macro   0x000179d5       0x4c ./Core/Src/LCD_Driver.o
 .debug_macro   0x00017a21       0xb0 ./Core/Src/LCD_Driver.o
 .debug_macro   0x00017ad1      0x23f ./Core/Src/LCD_Driver.o
 .debug_macro   0x00017d10      0x22c ./Core/Src/LCD_Driver.o
 .debug_macro   0x00017f3c       0x61 ./Core/Src/LCD_Driver.o
 .debug_macro   0x00017f9d       0xa5 ./Core/Src/LCD_Driver.o
 .debug_macro   0x00018042       0x4c ./Core/Src/LCD_Driver.o
 .debug_macro   0x0001808e      0x16d ./Core/Src/LCD_Driver.o
 .debug_macro   0x000181fb      0x2fe ./Core/Src/LCD_Driver.o
 .debug_macro   0x000184f9      0x8f4 ./Core/Src/LCD_Driver.o
 .debug_macro   0x00018ded       0x28 ./Core/Src/LCD_Driver.o
 .debug_macro   0x00018e15      0x435 ./Core/Src/LCD_Driver.o
 .debug_macro   0x0001924a       0x9a ./Core/Src/LCD_Driver.o
 .debug_macro   0x000192e4       0x22 ./Core/Src/LCD_Driver.o
 .debug_macro   0x00019306       0x61 ./Core/Src/LCD_Driver.o
 .debug_macro   0x00019367       0x24 ./Core/Src/LCD_Driver.o
 .debug_macro   0x0001938b       0x43 ./Core/Src/LCD_Driver.o
 .debug_macro   0x000193ce       0x34 ./Core/Src/LCD_Driver.o
 .debug_macro   0x00019402       0x1c ./Core/Src/LCD_Driver.o
 .debug_macro   0x0001941e       0x46 ./Core/Src/LCD_Driver.o
 .debug_macro   0x00019464      0x1f0 ./Core/Src/crc.o
 .debug_macro   0x00019654      0x1f0 ./Core/Src/dma.o
 .debug_macro   0x00019844      0x329 ./Core/Src/game.o
 .debug_macro   0x00019b6d       0x1c ./Core/Src/game.o
 .debug_macro   0x00019b89       0x16 ./Core/Src/game.o
 .debug_macro   0x00019b9f       0x3c ./Core/Src/game.o
 .debug_macro   0x00019bdb      0x370 ./Core/Src/game.o
 .debug_macro   0x00019f4b       0x16 ./Core/Src/game.o
 .debug_macro   0x00019f61       0x4a ./Core/Src/game.o
 .debug_macro   0x00019fab       0x34 ./Core/Src/game.o
 .debug_macro   0x00019fdf       0x10 ./Core/Src/game.o
 .debug_macro   0x00019fef       0x58 ./Core/Src/game.o
 .debug_macro   0x0001a047       0x8e ./Core/Src/game.o
 .debug_macro   0x0001a0d5      0x185 ./Core/Src/game.o
 .debug_macro   0x0001a25a       0x16 ./Core/Src/game.o
 .debug_macro   0x0001a270       0x29 ./Core/Src/game.o
 .debug_macro   0x0001a299       0x16 ./Core/Src/game.o
 .debug_macro   0x0001a2af       0x28 ./Core/Src/game.o
 .debug_macro   0x0001a2d7      0x1f0 ./Core/Src/gpio.o
 .debug_macro   0x0001a4c7      0x301 ./Core/Src/graphics.o
 .debug_macro   0x0001a7c8      0x11c ./Core/Src/graphics.o
 .debug_macro   0x0001a8e4       0x9b ./Core/Src/graphics.o
 .debug_macro   0x0001a97f       0x4f ./Core/Src/graphics.o
 .debug_macro   0x0001a9ce      0x388 ./Core/Src/main.o
 .debug_macro   0x0001ad56       0x22 ./Core/Src/main.o
 .debug_macro   0x0001ad78       0x10 ./Core/Src/main.o
 .debug_macro   0x0001ad88       0x1c ./Core/Src/main.o
 .debug_macro   0x0001ada4       0x10 ./Core/Src/main.o
 .debug_macro   0x0001adb4       0x1c ./Core/Src/main.o
 .debug_macro   0x0001add0       0x16 ./Core/Src/main.o
 .debug_macro   0x0001ade6      0x146 ./Core/Src/main.o
 .debug_macro   0x0001af2c      0x1f0 ./Core/Src/spi.o
 .debug_macro   0x0001b11c       0x72 ./Core/Src/sprites.o
 .debug_macro   0x0001b18e      0x1e6 ./Core/Src/stm32f0xx_hal_msp.o
 .debug_macro   0x0001b374      0x1f0 ./Core/Src/stm32f0xx_it.o
 .debug_macro   0x0001b564      0x274 ./Core/Src/syscalls.o
 .debug_macro   0x0001b7d8       0x5b ./Core/Src/syscalls.o
 .debug_macro   0x0001b833       0x94 ./Core/Src/syscalls.o
 .debug_macro   0x0001b8c7       0x57 ./Core/Src/syscalls.o
 .debug_macro   0x0001b91e       0x10 ./Core/Src/syscalls.o
 .debug_macro   0x0001b92e       0x10 ./Core/Src/syscalls.o
 .debug_macro   0x0001b93e       0x10 ./Core/Src/syscalls.o
 .debug_macro   0x0001b94e       0x10 ./Core/Src/syscalls.o
 .debug_macro   0x0001b95e       0x1c ./Core/Src/syscalls.o
 .debug_macro   0x0001b97a       0x52 ./Core/Src/syscalls.o
 .debug_macro   0x0001b9cc       0x22 ./Core/Src/syscalls.o
 .debug_macro   0x0001b9ee       0x10 ./Core/Src/syscalls.o
 .debug_macro   0x0001b9fe       0x52 ./Core/Src/syscalls.o
 .debug_macro   0x0001ba50       0xcf ./Core/Src/syscalls.o
 .debug_macro   0x0001bb1f       0x1c ./Core/Src/syscalls.o
 .debug_macro   0x0001bb3b       0x3d ./Core/Src/syscalls.o
 .debug_macro   0x0001bb78       0x35 ./Core/Src/syscalls.o
 .debug_macro   0x0001bbad      0x12c ./Core/Src/syscalls.o
 .debug_macro   0x0001bcd9       0x10 ./Core/Src/syscalls.o
 .debug_macro   0x0001bce9      0x242 ./Core/Src/syscalls.o
 .debug_macro   0x0001bf2b       0x10 ./Core/Src/syscalls.o
 .debug_macro   0x0001bf3b      0x18a ./Core/Src/syscalls.o
 .debug_macro   0x0001c0c5       0x16 ./Core/Src/syscalls.o
 .debug_macro   0x0001c0db       0xce ./Core/Src/syscalls.o
 .debug_macro   0x0001c1a9      0x112 ./Core/Src/sysmem.o
 .debug_macro   0x0001c2bb      0x23c ./Core/Src/sysmem.o
 .debug_macro   0x0001c4f7      0x1d7 ./Core/Src/system_stm32f0xx.o
 .debug_macro   0x0001c6ce      0x1f0 ./Core/Src/tim.o
 .debug_macro   0x0001c8be      0x1fb ./Drivers/STM32F0xx_HAL_Driver/Src/stm32f0xx_hal.o
 .debug_macro   0x0001cab9      0x1d7 ./Drivers/STM32F0xx_HAL_Driver/Src/stm32f0xx_hal_cortex.o
 .debug_macro   0x0001cc90      0x1d7 ./Drivers/STM32F0xx_HAL_Driver/Src/stm32f0xx_hal_crc.o
 .debug_macro   0x0001ce67      0x1d7 ./Drivers/STM32F0xx_HAL_Driver/Src/stm32f0xx_hal_crc_ex.o
 .debug_macro   0x0001d03e      0x1d7 ./Drivers/STM32F0xx_HAL_Driver/Src/stm32f0xx_hal_dma.o
 .debug_macro   0x0001d215      0x1de ./Drivers/STM32F0xx_HAL_Driver/Src/stm32f0xx_hal_gpio.o
 .debug_macro   0x0001d3f3      0x1e9 ./Drivers/STM32F0xx_HAL_Driver/Src/stm32f0xx_hal_rcc.o
 .debug_macro   0x0001d5dc      0x1df ./Drivers/STM32F0xx_HAL_Driver/Src/stm32f0xx_hal_spi.o
 .debug_macro   0x0001d7bb      0x1d8 ./Drivers/STM32F0xx_HAL_Driver/Src/stm32f0xx_hal_tim.o
 .debug_macro   0x0001d993      0x1d7 ./Drivers/STM32F0xx_HAL_Driver/Src/stm32f0xx_hal_tim_ex.o

.debug_line     0x00000000    0x13cf9
 .debug_line    0x00000000      0xab3 ./Core/Src/LCD_Driver.o
 .debug_line    0x00000ab3      0x7e0 ./Core/Src/crc.o
 .debug_line    0x00001293      0x78d ./Core/Src/dma.o
 .debug_line    0x00001a20      0x9dd ./Core/Src/game.o
 .debug_line    0x000023fd      0x7d4 ./Core/Src/gpio.o
 .debug_line    0x00002bd1      0xac9 ./Core/Src/graphics.o
 .debug_line    0x0000369a      0xa9e ./Core/Src/main.o
 .debug_line    0x00004138      0x837 ./Core/Src/spi.o
 .debug_line    0x0000496f      0x40e ./Core/Src/sprites.o
 .debug_line    0x00004d7d      0x791 ./Core/Src/stm32f0xx_hal_msp.o
 .debug_line    0x0000550e      0x837 ./Core/Src/stm32f0xx_it.o
 .debug_line    0x00005d45      0x8ac ./Core/Src/syscalls.o
 .debug_line    0x000065f1      0x588 ./Core/Src/sysmem.o
 .debug_line    0x00006b79      0x819 ./Core/Src/system_stm32f0xx.o
 .debug_line    0x00007392      0x872 ./Core/Src/tim.o
 .debug_line    0x00007c04       0x7b ./Core/Startup/startup_stm32f091rctx.o
 .debug_line    0x00007c7f      0xa10 ./Drivers/STM32F0xx_HAL_Driver/Src/stm32f0xx_hal.o
 .debug_line    0x0000868f      0xab8 ./Drivers/STM32F0xx_HAL_Driver/Src/stm32f0xx_hal_cortex.o
 .debug_line    0x00009147      0xa50 ./Drivers/STM32F0xx_HAL_Driver/Src/stm32f0xx_hal_crc.o
 .debug_line    0x00009b97      0x84d ./Drivers/STM32F0xx_HAL_Driver/Src/stm32f0xx_hal_crc_ex.o
 .debug_line    0x0000a3e4      0xd35 ./Drivers/STM32F0xx_HAL_Driver/Src/stm32f0xx_hal_dma.o
 .debug_line    0x0000b119      0xb8a ./Drivers/STM32F0xx_HAL_Driver/Src/stm32f0xx_hal_gpio.o
 .debug_line    0x0000bca3      0xf55 ./Drivers/STM32F0xx_HAL_Driver/Src/stm32f0xx_hal_rcc.o
 .debug_line    0x0000cbf8     0x202f ./Drivers/STM32F0xx_HAL_Driver/Src/stm32f0xx_hal_spi.o
 .debug_line    0x0000ec27     0x37bb ./Drivers/STM32F0xx_HAL_Driver/Src/stm32f0xx_hal_tim.o
 .debug_line    0x000123e2     0x1917 ./Drivers/STM32F0xx_HAL_Driver/Src/stm32f0xx_hal_tim_ex.o

.debug_str      0x00000000    0xa904f
 .debug_str     0x00000000    0xa904f ./Core/Src/LCD_Driver.o
                              0xa0f18 (size before relaxing)
 .debug_str     0x000a904f    0xa0363 ./Core/Src/crc.o
 .debug_str     0x000a904f    0xa032e ./Core/Src/dma.o
 .debug_str     0x000a904f    0xa36af ./Core/Src/game.o
 .debug_str     0x000a904f    0xa03fc ./Core/Src/gpio.o
 .debug_str     0x000a904f    0xa35ca ./Core/Src/graphics.o
 .debug_str     0x000a904f    0xa3f46 ./Core/Src/main.o
 .debug_str     0x000a904f    0xa0655 ./Core/Src/spi.o
 .debug_str     0x000a904f     0x3d70 ./Core/Src/sprites.o
 .debug_str     0x000a904f    0xa011f ./Core/Src/stm32f0xx_hal_msp.o
 .debug_str     0x000a904f    0xa0397 ./Core/Src/stm32f0xx_it.o
 .debug_str     0x000a904f     0x98db ./Core/Src/syscalls.o
 .debug_str     0x000a904f     0x7679 ./Core/Src/sysmem.o
 .debug_str     0x000a904f    0x9ff1b ./Core/Src/system_stm32f0xx.o
 .debug_str     0x000a904f    0xa08dc ./Core/Src/tim.o
 .debug_str     0x000a904f       0x83 ./Core/Startup/startup_stm32f091rctx.o
 .debug_str     0x000a904f    0xa050b ./Drivers/STM32F0xx_HAL_Driver/Src/stm32f0xx_hal.o
 .debug_str     0x000a904f    0xa02fc ./Drivers/STM32F0xx_HAL_Driver/Src/stm32f0xx_hal_cortex.o
 .debug_str     0x000a904f    0xa0135 ./Drivers/STM32F0xx_HAL_Driver/Src/stm32f0xx_hal_crc.o
 .debug_str     0x000a904f    0xa00ef ./Drivers/STM32F0xx_HAL_Driver/Src/stm32f0xx_hal_crc_ex.o
 .debug_str     0x000a904f    0xa02d1 ./Drivers/STM32F0xx_HAL_Driver/Src/stm32f0xx_hal_dma.o
 .debug_str     0x000a904f    0xa00d1 ./Drivers/STM32F0xx_HAL_Driver/Src/stm32f0xx_hal_gpio.o
 .debug_str     0x000a904f    0xa0362 ./Drivers/STM32F0xx_HAL_Driver/Src/stm32f0xx_hal_rcc.o
 .debug_str     0x000a904f    0xa089b ./Drivers/STM32F0xx_HAL_Driver/Src/stm32f0xx_hal_spi.o
 .debug_str     0x000a904f    0xa1341 ./Drivers/STM32F0xx_HAL_Driver/Src/stm32f0xx_hal_tim.o
 .debug_str     0x000a904f    0xa0b4d ./Drivers/STM32F0xx_HAL_Driver/Src/stm32f0xx_hal_tim_ex.o

.comment        0x00000000       0x43
 .comment       0x00000000       0x43 ./Core/Src/LCD_Driver.o
                                 0x44 (size before relaxing)
 .comment       0x00000043       0x44 ./Core/Src/crc.o
 .comment       0x00000043       0x44 ./Core/Src/dma.o
 .comment       0x00000043       0x44 ./Core/Src/game.o
 .comment       0x00000043       0x44 ./Core/Src/gpio.o
 .comment       0x00000043       0x44 ./Core/Src/graphics.o
 .comment       0x00000043       0x44 ./Core/Src/main.o
 .comment       0x00000043       0x44 ./Core/Src/spi.o
 .comment       0x00000043       0x44 ./Core/Src/sprites.o
 .comment       0x00000043       0x44 ./Core/Src/stm32f0xx_hal_msp.o
 .comment       0x00000043       0x44 ./Core/Src/stm32f0xx_it.o
 .comment       0x00000043       0x44 ./Core/Src/syscalls.o
 .comment       0x00000043       0x44 ./Core/Src/sysmem.o
 .comment       0x00000043       0x44 ./Core/Src/system_stm32f0xx.o
 .comment       0x00000043       0x44 ./Core/Src/tim.o
 .comment       0x00000043       0x44 ./Drivers/STM32F0xx_HAL_Driver/Src/stm32f0xx_hal.o
 .comment       0x00000043       0x44 ./Drivers/STM32F0xx_HAL_Driver/Src/stm32f0xx_hal_cortex.o